     VMA      LMA     Size Align Out     In      Symbol
       0        0        0     1 __basic_zp_start = 0x0002
       0        0        0     1 __basic_zp_end = 0x0090
       0        0        0     1 __rc0 = 0x0002
       0        0        0     1 __rc1 = __rc0 + 1
       0        0        0     1 PROVIDE ( __rc2 = __rc1 + 1 )
       0        0        0     1 __rc3 = __rc2 + 1
       0        0        0     1 PROVIDE ( __rc4 = __rc3 + 1 )
       0        0        0     1 __rc5 = __rc4 + 1
       0        0        0     1 PROVIDE ( __rc6 = __rc5 + 1 )
       0        0        0     1 __rc7 = __rc6 + 1
       0        0        0     1 PROVIDE ( __rc8 = __rc7 + 1 )
       0        0        0     1 __rc9 = __rc8 + 1
       0        0        0     1 PROVIDE ( __rc10 = __rc9 + 1 )
       0        0        0     1 __rc11 = __rc10 + 1
       0        0        0     1 PROVIDE ( __rc12 = __rc11 + 1 )
       0        0        0     1 __rc13 = __rc12 + 1
       0        0        0     1 PROVIDE ( __rc14 = __rc13 + 1 )
       0        0        0     1 __rc15 = __rc14 + 1
       0        0        0     1 PROVIDE ( __rc16 = __rc15 + 1 )
       0        0        0     1 __rc17 = __rc16 + 1
       0        0        0     1 PROVIDE ( __rc18 = __rc17 + 1 )
       0        0        0     1 __rc19 = __rc18 + 1
       0        0        0     1 PROVIDE ( __rc20 = __rc19 + 1 )
       0        0        0     1 __rc21 = __rc20 + 1
       0        0        0     1 PROVIDE ( __rc22 = __rc21 + 1 )
       0        0        0     1 __rc23 = __rc22 + 1
       0        0        0     1 PROVIDE ( __rc24 = __rc23 + 1 )
       0        0        0     1 __rc25 = __rc24 + 1
       0        0        0     1 PROVIDE ( __rc26 = __rc25 + 1 )
       0        0        0     1 __rc27 = __rc26 + 1
       0        0        0     1 PROVIDE ( __rc28 = __rc27 + 1 )
       0        0        0     1 __rc29 = __rc28 + 1
       0        0        0     1 PROVIDE ( __rc30 = __rc29 + 1 )
       0        0        0     1 __rc31 = __rc30 + 1
       0        0        0     1 
    2001     2001       16     1 .basic_header
    2001     2001       16     1         /usr/local/bin/../mos-platform/mega65/lib/basic-header.o:(.basic_header)
    2015     2015        0     1                 next_line
      22       22        0     1 .zp.data
      22       22        0     1         __zp_data_start = .
      22       22        0     1 __zp_data_load_start = LOADADDR ( .zp.data )
      22       22        0     1 __zp_data_size = SIZEOF ( .zp.data )
      22       22        0     1 .zp.bss
      22       22        0     1         __zp_bss_start = .
      22       22        0     1 __zp_bss_size = SIZEOF ( .zp.bss )
      22       22       14     1 .zp
      22       22       14     1         lto.tmp:(.zp.noinit..Lzp_stack)
    2018     2018    11db6     2 .text
    2018     2018        0     1         _init = .
    2018     2018        0     1         _start = .
    2018     2018        8     1         /usr/local/bin/../mos-platform/commodore/lib/libcrt0.a(init-stack.S.obj):(.init.10)
    2018     2018        0     1                 __do_init_stack
    2020     2020        4     1         /usr/local/bin/../mos-platform/commodore/lib/libcrt0.a(_exit.S.obj):(.init.10)
    2024     2024        3     1         /usr/local/bin/../mos-platform/commodore/lib/libcrt0.a(zero-bss.c.obj):(.init.20)
    2024     2024        0     1                 __do_zero_bss
    2027     2027        3     1         /usr/local/bin/../mos-platform/common/lib/crt0.o:(.call_main)
    202a     202a        3     1         /usr/local/bin/../mos-platform/commodore/lib/libcrt0.a(exit-return.c.obj):(.after_main)
    202a     202a        0     1                 __after_main
    202d     202d        0     1         _fini = .
    202d     202d        1     1         /usr/local/bin/../mos-platform/common/lib/crt0.o:(.fini_rts)
    202e     202e      2af     2         lto.tmp:(.text._ZN12_GLOBAL__N_19blocklist11split_blockEPNS_5blockEt)
    202e     202e      2af     1                 (anonymous namespace)::blocklist::split_block((anonymous namespace)::block*, unsigned short)
    22dd     22dd       31     1         /workspaces/mos-hardware/target/mos-mega65-none/release/examples/11_parse-8b8391441b13c341.11_parse.88b1eaf7-cgu.8.rcgu.o:(.text._ZN4core3ptr42drop_in_place$LT$alloc..string..String$GT$17h7625a1abf9d892f4E)
    22dd     22dd       31     1                 core::ptr::drop_in_place$LT$alloc..string..String$GT$::h7625a1abf9d892f4
    230e     230e      490     1         /workspaces/mos-hardware/target/mos-mega65-none/release/examples/11_parse-8b8391441b13c341.11_parse.88b1eaf7-cgu.8.rcgu.o:(.text._ZN4core3str21_$LT$impl$u20$str$GT$4find17h7e71e1feca1e0113E)
    230e     230e      490     1                 core::str::_$LT$impl$u20$str$GT$::find::h7e71e1feca1e0113
    279e     279e      764     1         /workspaces/mos-hardware/target/mos-mega65-none/release/examples/11_parse-8b8391441b13c341.11_parse.88b1eaf7-cgu.8.rcgu.o:(.text._ZN4core3str7pattern14TwoWaySearcher4next17hba61479fc1d995e8E)
    279e     279e      764     1                 core::str::pattern::TwoWaySearcher::next::hba61479fc1d995e8
    2f02     2f02      2d9     1         /workspaces/mos-hardware/target/mos-mega65-none/release/examples/11_parse-8b8391441b13c341.11_parse.88b1eaf7-cgu.8.rcgu.o:(.text._ZN58_$LT$alloc..string..String$u20$as$u20$core..fmt..Write$GT$10write_char17ha6d627b896f8ff17E)
    2f02     2f02      2d9     1                 _$LT$alloc..string..String$u20$as$u20$core..fmt..Write$GT$::write_char::ha6d627b896f8ff17
    31db     31db        6     1         /workspaces/mos-hardware/target/mos-mega65-none/release/examples/11_parse-8b8391441b13c341.11_parse.88b1eaf7-cgu.8.rcgu.o:(.text._ZN58_$LT$alloc..string..String$u20$as$u20$core..fmt..Write$GT$9write_str17hbf9e5e1796d7fa12E)
    31db     31db        6     1                 _$LT$alloc..string..String$u20$as$u20$core..fmt..Write$GT$::write_str::hbf9e5e1796d7fa12
    31e1     31e1       38     1         /workspaces/mos-hardware/target/mos-mega65-none/release/examples/11_parse-8b8391441b13c341.11_parse.88b1eaf7-cgu.8.rcgu.o:(.text._ZN60_$LT$alloc..string..String$u20$as$u20$core..fmt..Display$GT$3fmt17hf0b0f0daec80a79aE)
    31e1     31e1       38     1                 _$LT$alloc..string..String$u20$as$u20$core..fmt..Display$GT$::fmt::hf0b0f0daec80a79a
    3219     3219      504     1         /workspaces/mos-hardware/target/mos-mega65-none/release/examples/11_parse-8b8391441b13c341.11_parse.88b1eaf7-cgu.8.rcgu.o:(.text._ZN80_$LT$core..str..pattern..StrSearcher$u20$as$u20$core..str..pattern..Searcher$GT$10next_match17he818c26d55020f10E)
    3219     3219      504     1                 _$LT$core..str..pattern..StrSearcher$u20$as$u20$core..str..pattern..Searcher$GT$::next_match::he818c26d55020f10
    371d     371d       bd     1         /workspaces/mos-hardware/target/mos-mega65-none/release/examples/11_parse-8b8391441b13c341.11_parse.88b1eaf7-cgu.8.rcgu.o:(.text._ZN9_11_parse8index_of17h804df9d6d9724f85E)
    371d     371d       bd     1                 _11_parse::index_of::h804df9d6d9724f85
    37da     37da     56f2     1         /workspaces/mos-hardware/target/mos-mega65-none/release/examples/11_parse-8b8391441b13c341.11_parse.88b1eaf7-cgu.8.rcgu.o:(.text._ZN9_11_parse11declare_var17hcac4d72b77aa91f8E)
    37da     37da     56f2     1                 _11_parse::declare_var::hcac4d72b77aa91f8
    8ecc     8ecc      3c0     1         /workspaces/mos-hardware/target/mos-mega65-none/release/examples/11_parse-8b8391441b13c341.11_parse.88b1eaf7-cgu.8.rcgu.o:(.text._ZN9_11_parse27generate_varname_from_index17h8b46ef85b5c778d6E)
    8ecc     8ecc      3c0     1                 _11_parse::generate_varname_from_index::h8b46ef85b5c778d6
    928c     928c      621     1         /workspaces/mos-hardware/target/mos-mega65-none/release/examples/11_parse-8b8391441b13c341.11_parse.88b1eaf7-cgu.8.rcgu.o:(.text._ZN9_11_parse11my_contains17h7255a2c3f3b8ea81E)
    928c     928c      621     1                 _11_parse::my_contains::h7255a2c3f3b8ea81
    98ad     98ad      265     1         /workspaces/mos-hardware/target/mos-mega65-none/release/examples/11_parse-8b8391441b13c341.11_parse.88b1eaf7-cgu.8.rcgu.o:(.text._ZN9_11_parse9trim_left17h1687bf723918e05cE)
    98ad     98ad      265     1                 _11_parse::trim_left::h1687bf723918e05c
    9b12     9b12      22b     1         /workspaces/mos-hardware/target/mos-mega65-none/release/examples/11_parse-8b8391441b13c341.11_parse.88b1eaf7-cgu.8.rcgu.o:(.text._ZN9_11_parse10trim_right17hb140382b48c5f59cE)
    9b12     9b12      22b     1                 _11_parse::trim_right::hb140382b48c5f59c
    9d3d     9d3d      1fa     1         /workspaces/mos-hardware/target/mos-mega65-none/release/examples/11_parse-8b8391441b13c341.11_parse.88b1eaf7-cgu.8.rcgu.o:(.text._ZN9_11_parse8trim_all17h21db096cf95f18c5E)
    9d3d     9d3d      1fa     1                 _11_parse::trim_all::h21db096cf95f18c5
    9f37     9f37       12     1         /workspaces/mos-hardware/target/mos-mega65-none/release/examples/11_parse-8b8391441b13c341.11_parse.88b1eaf7-cgu.8.rcgu.o:(.text.rust_begin_unwind)
    9f37     9f37       12     1                 rust_begin_unwind
    9f49     9f49     231d     1         /workspaces/mos-hardware/target/mos-mega65-none/release/examples/11_parse-8b8391441b13c341.11_parse.88b1eaf7-cgu.8.rcgu.o:(.text.main)
    9f49     9f49     231d     1                 main
    c266     c266       1f     1         /workspaces/mos-hardware/target/mos-mega65-none/release/examples/11_parse-8b8391441b13c341.11_parse.88b1eaf7-cgu.8.rcgu.o:(.text._ZN49_$LT$W$u20$as$u20$ufmt..UnstableDoAsFormatter$GT$15do_as_formatter17h5e4b4485090de0e9E)
    c266     c266       1f     1                 _$LT$W$u20$as$u20$ufmt..UnstableDoAsFormatter$GT$::do_as_formatter::h5e4b4485090de0e9
    c285     c285       c8     1         /workspaces/mos-hardware/target/mos-mega65-none/release/examples/11_parse-8b8391441b13c341.11_parse.88b1eaf7-cgu.8.rcgu.o:(.text._ZN70_$LT$alloc..vec..Vec$LT$T$C$A$GT$$u20$as$u20$core..ops..drop..Drop$GT$4drop17h3e01635ab8833145E)
    c285     c285       c8     1                 _$LT$alloc..vec..Vec$LT$T$C$A$GT$$u20$as$u20$core..ops..drop..Drop$GT$::drop::h3e01635ab8833145
    c34d     c34d       23     1         /workspaces/mos-hardware/target/mos-mega65-none/release/examples/11_parse-8b8391441b13c341.11_parse.88b1eaf7-cgu.8.rcgu.o:(.text._ZN5alloc7raw_vec19RawVec$LT$T$C$A$GT$11allocate_in17h2247d4763effc048E)
    c34d     c34d       23     1                 alloc::raw_vec::RawVec$LT$T$C$A$GT$::allocate_in::h2247d4763effc048
    c370     c370      264     1         /workspaces/mos-hardware/target/mos-mega65-none/release/examples/11_parse-8b8391441b13c341.11_parse.88b1eaf7-cgu.8.rcgu.o:(.text._ZN5alloc7raw_vec19RawVec$LT$T$C$A$GT$16reserve_for_push17h4a021fe559acc992E)
    c370     c370      264     1                 alloc::raw_vec::RawVec$LT$T$C$A$GT$::reserve_for_push::h4a021fe559acc992
    c5d4     c5d4      23a     1         /workspaces/mos-hardware/target/mos-mega65-none/release/examples/11_parse-8b8391441b13c341.11_parse.88b1eaf7-cgu.8.rcgu.o:(.text._ZN5alloc7raw_vec19RawVec$LT$T$C$A$GT$16reserve_for_push17h5ec67cc322e29da5E)
    c5d4     c5d4      23a     1                 alloc::raw_vec::RawVec$LT$T$C$A$GT$::reserve_for_push::h5ec67cc322e29da5
    c80e     c80e      152     1         /workspaces/mos-hardware/target/mos-mega65-none/release/examples/11_parse-8b8391441b13c341.11_parse.88b1eaf7-cgu.8.rcgu.o:(.text._ZN4ufmt5impls3uxx46_$LT$impl$u20$ufmt..uDebug$u20$for$u20$u16$GT$3fmt17h9f536e8e3a2fc920E)
    c80e     c80e      152     1                 ufmt::impls::uxx::_$LT$impl$u20$ufmt..uDebug$u20$for$u20$u16$GT$::fmt::h9f536e8e3a2fc920
    c960     c960       44     1         /workspaces/mos-hardware/target/mos-mega65-none/release/examples/11_parse-8b8391441b13c341.11_parse.88b1eaf7-cgu.8.rcgu.o:(.text._ZN52_$LT$$RF$mut$u20$T$u20$as$u20$core..fmt..Display$GT$3fmt17h1747b822887fbf58E)
    c960     c960       44     1                 _$LT$$RF$mut$u20$T$u20$as$u20$core..fmt..Display$GT$::fmt::h1747b822887fbf58
    c9a4     c9a4       51     1         /workspaces/mos-hardware/target/mos-mega65-none/release/examples/11_parse-8b8391441b13c341.11_parse.88b1eaf7-cgu.8.rcgu.o:(.text._ZN4ufmt18Formatter$LT$W$GT$9write_str17he67c581b666a774bE)
    c9a4     c9a4       51     1                 ufmt::Formatter$LT$W$GT$::write_str::he67c581b666a774b
    c9f5     c9f5        3     1         /workspaces/mos-hardware/target/mos-mega65-none/release/examples/11_parse-8b8391441b13c341.11_parse.88b1eaf7-cgu.8.rcgu.o:(.text.__rust_alloc)
    c9f5     c9f5        3     1                 __rust_alloc
    c9f8     c9f8        3     1         /workspaces/mos-hardware/target/mos-mega65-none/release/examples/11_parse-8b8391441b13c341.11_parse.88b1eaf7-cgu.8.rcgu.o:(.text.__rust_dealloc)
    c9f8     c9f8        3     1                 __rust_dealloc
    c9fb     c9fb        3     1         /workspaces/mos-hardware/target/mos-mega65-none/release/examples/11_parse-8b8391441b13c341.11_parse.88b1eaf7-cgu.8.rcgu.o:(.text.__rust_realloc)
    c9fb     c9fb        3     1                 __rust_realloc
    c9fe     c9fe        3     1         /workspaces/mos-hardware/target/mos-mega65-none/release/examples/11_parse-8b8391441b13c341.11_parse.88b1eaf7-cgu.8.rcgu.o:(.text.__rust_alloc_error_handler)
    c9fe     c9fe        3     1                 __rust_alloc_error_handler
    ca01     ca01       51     1         /workspaces/mos-hardware/target/mos-mega65-none/release/examples/11_parse-8b8391441b13c341.11_parse.88b1eaf7-cgu.8.rcgu.o:(.text._ZN5alloc7raw_vec19RawVec$LT$T$C$A$GT$11allocate_in17h4d559e2618c6c994E)
    ca01     ca01       51     1                 alloc::raw_vec::RawVec$LT$T$C$A$GT$::allocate_in::h4d559e2618c6c994
    ca52     ca52        3     1         /workspaces/mos-hardware/target/mos-mega65-none/release/examples/11_parse-8b8391441b13c341.11_parse.88b1eaf7-cgu.8.rcgu.o:(.text._ZN5alloc7raw_vec17capacity_overflow17h319386639a0908caE)
    ca52     ca52        3     1                 alloc::raw_vec::capacity_overflow::h319386639a0908ca
    ca55     ca55       21     1         /workspaces/mos-hardware/target/mos-mega65-none/release/examples/11_parse-8b8391441b13c341.11_parse.88b1eaf7-cgu.8.rcgu.o:(.text.unlikely._ZN5alloc7raw_vec19RawVec$LT$T$C$A$GT$7reserve21do_reserve_and_handle17h5f0d0f5734c11300E)
    ca55     ca55       21     1                 alloc::raw_vec::RawVec$LT$T$C$A$GT$::reserve::do_reserve_and_handle::h5f0d0f5734c11300
    ca76     ca76      22f     1         /workspaces/mos-hardware/target/mos-mega65-none/release/examples/11_parse-8b8391441b13c341.11_parse.88b1eaf7-cgu.8.rcgu.o:(.text._ZN5alloc7raw_vec19RawVec$LT$T$C$A$GT$14grow_amortized17h4e4b07562cf1510aE)
    ca76     ca76      22f     1                 alloc::raw_vec::RawVec$LT$T$C$A$GT$::grow_amortized::h4e4b07562cf1510a
    cca5     cca5      191     1         /workspaces/mos-hardware/target/mos-mega65-none/release/examples/11_parse-8b8391441b13c341.11_parse.88b1eaf7-cgu.8.rcgu.o:(.text._ZN5alloc7raw_vec11finish_grow17hb1800243b47b6af1E)
    cca5     cca5      191     1                 alloc::raw_vec::finish_grow::hb1800243b47b6af1
    ce36     ce36       28     1         /workspaces/mos-hardware/target/mos-mega65-none/release/examples/11_parse-8b8391441b13c341.11_parse.88b1eaf7-cgu.8.rcgu.o:(.text._ZN5alloc7raw_vec19RawVec$LT$T$C$A$GT$16reserve_for_push17h7a04734d72c68e40E)
    ce36     ce36       28     1                 alloc::raw_vec::RawVec$LT$T$C$A$GT$::reserve_for_push::h7a04734d72c68e40
    ce5e     ce5e       80     1         /workspaces/mos-hardware/target/mos-mega65-none/release/examples/11_parse-8b8391441b13c341.11_parse.88b1eaf7-cgu.8.rcgu.o:(.text._ZN4core3fmt5Write9write_fmt17h4224525cf445cca6E)
    ce5e     ce5e       80     1                 core::fmt::Write::write_fmt::h4224525cf445cca6
    cede     cede       1b     1         /workspaces/mos-hardware/target/mos-mega65-none/release/examples/11_parse-8b8391441b13c341.11_parse.88b1eaf7-cgu.8.rcgu.o:(.text._ZN50_$LT$$RF$mut$u20$W$u20$as$u20$core..fmt..Write$GT$9write_str17hf2642e500826d92aE)
    cede     cede       1b     1                 _$LT$$RF$mut$u20$W$u20$as$u20$core..fmt..Write$GT$::write_str::hf2642e500826d92a
    cef9     cef9      319     1         /workspaces/mos-hardware/target/mos-mega65-none/release/examples/11_parse-8b8391441b13c341.11_parse.88b1eaf7-cgu.8.rcgu.o:(.text._ZN50_$LT$$RF$mut$u20$W$u20$as$u20$core..fmt..Write$GT$10write_char17hb6485779ef561a0aE)
    cef9     cef9      319     1                 _$LT$$RF$mut$u20$W$u20$as$u20$core..fmt..Write$GT$::write_char::hb6485779ef561a0a
    d212     d212       80     1         /workspaces/mos-hardware/target/mos-mega65-none/release/examples/11_parse-8b8391441b13c341.11_parse.88b1eaf7-cgu.8.rcgu.o:(.text._ZN50_$LT$$RF$mut$u20$W$u20$as$u20$core..fmt..Write$GT$9write_fmt17hd3575da7ce305cdaE)
    d212     d212       80     1                 _$LT$$RF$mut$u20$W$u20$as$u20$core..fmt..Write$GT$::write_fmt::hd3575da7ce305cda
    d292     d292        3     1         /workspaces/mos-hardware/target/mos-mega65-none/release/examples/11_parse-8b8391441b13c341.11_parse.88b1eaf7-cgu.8.rcgu.o:(.text.unlikely._ZN5alloc5alloc18handle_alloc_error17hd139babcfdd15c87E)
    d292     d292        3     1                 alloc::alloc::handle_alloc_error::hd139babcfdd15c87
    d295     d295        3     1         /workspaces/mos-hardware/target/mos-mega65-none/release/examples/11_parse-8b8391441b13c341.11_parse.88b1eaf7-cgu.8.rcgu.o:(.text._ZN5alloc5alloc18handle_alloc_error8rt_error17h8e1086f96845efefE)
    d295     d295        3     1                 alloc::alloc::handle_alloc_error::rt_error::h8e1086f96845efef
    d298     d298      24c     1         /workspaces/mos-hardware/target/mos-mega65-none/release/examples/11_parse-8b8391441b13c341.11_parse.88b1eaf7-cgu.8.rcgu.o:(.text._ZN5alloc3fmt6format12format_inner17h8348958aec1a7825E)
    d298     d298      24c     1                 alloc::fmt::format::format_inner::h8348958aec1a7825
    d4e4     d4e4        3     1         /workspaces/mos-hardware/target/mos-mega65-none/release/examples/11_parse-8b8391441b13c341.11_parse.88b1eaf7-cgu.8.rcgu.o:(.text.__rdl_oom)
    d4e4     d4e4        3     1                 __rdl_oom
    d4e7     d4e7      143     1         /workspaces/mos-hardware/target/mos-mega65-none/release/examples/11_parse-8b8391441b13c341.11_parse.88b1eaf7-cgu.8.rcgu.o:(.text._ZN5alloc3vec16Vec$LT$T$C$A$GT$17extend_from_slice17h030e4fb165f09385E)
    d4e7     d4e7      143     1                 alloc::vec::Vec$LT$T$C$A$GT$::extend_from_slice::h030e4fb165f09385
    d62a     d62a      619     1         /workspaces/mos-hardware/target/mos-mega65-none/release/examples/11_parse-8b8391441b13c341.11_parse.88b1eaf7-cgu.8.rcgu.o:(.text._ZN4core3num14from_str_radix17h3723fa335301dfc8E)
    d62a     d62a      619     1                 core::num::from_str_radix::h3723fa335301dfc8
    dc43     dc43        3     1         /workspaces/mos-hardware/target/mos-mega65-none/release/examples/11_parse-8b8391441b13c341.11_parse.88b1eaf7-cgu.8.rcgu.o:(.text.unlikely._ZN4core9panicking9panic_fmt17h3ee255a63314ce72E)
    dc43     dc43        3     1                 core::panicking::panic_fmt::h3ee255a63314ce72
    dc46     dc46        3     1         /workspaces/mos-hardware/target/mos-mega65-none/release/examples/11_parse-8b8391441b13c341.11_parse.88b1eaf7-cgu.8.rcgu.o:(.text.unlikely._ZN4core9panicking18panic_bounds_check17h761076458c6f1e6bE)
    dc46     dc46        3     1                 core::panicking::panic_bounds_check::h761076458c6f1e6b
    dc49     dc49        3     1         /workspaces/mos-hardware/target/mos-mega65-none/release/examples/11_parse-8b8391441b13c341.11_parse.88b1eaf7-cgu.8.rcgu.o:(.text.unlikely._ZN4core9panicking5panic17hbdfd743091da5b65E)
    dc49     dc49        3     1                 core::panicking::panic::hbdfd743091da5b65
    dc4c     dc4c      3ee     1         /workspaces/mos-hardware/target/mos-mega65-none/release/examples/11_parse-8b8391441b13c341.11_parse.88b1eaf7-cgu.8.rcgu.o:(.text._ZN4core3fmt3num3imp7fmt_u3217h58136d98abcc163fE)
    dc4c     dc4c      3ee     1                 core::fmt::num::imp::fmt_u32::h58136d98abcc163f
    e03a     e03a        3     1         /workspaces/mos-hardware/target/mos-mega65-none/release/examples/11_parse-8b8391441b13c341.11_parse.88b1eaf7-cgu.8.rcgu.o:(.text.unlikely._ZN4core6result13unwrap_failed17h6195775dc04906ffE)
    e03a     e03a        3     1                 core::result::unwrap_failed::h6195775dc04906ff
    e03d     e03d      336     1         /workspaces/mos-hardware/target/mos-mega65-none/release/examples/11_parse-8b8391441b13c341.11_parse.88b1eaf7-cgu.8.rcgu.o:(.text._ZN4core3str5count14do_count_chars17h15abe37c8b2dce3eE)
    e03d     e03d      336     1                 core::str::count::do_count_chars::h15abe37c8b2dce3e
    e373     e373      997     1         /workspaces/mos-hardware/target/mos-mega65-none/release/examples/11_parse-8b8391441b13c341.11_parse.88b1eaf7-cgu.8.rcgu.o:(.text._ZN4core3str7pattern11StrSearcher3new17h1cc27fcf5f5a387bE)
    e373     e373      997     1                 core::str::pattern::StrSearcher::new::h1cc27fcf5f5a387b
    ed0a     ed0a      28e     1         /workspaces/mos-hardware/target/mos-mega65-none/release/examples/11_parse-8b8391441b13c341.11_parse.88b1eaf7-cgu.8.rcgu.o:(.text._ZN4core3str7pattern14TwoWaySearcher22reverse_maximal_suffix17he27c38203103ec63E)
    ed0a     ed0a      28e     1                 core::str::pattern::TwoWaySearcher::reverse_maximal_suffix::he27c38203103ec63
    ef98     ef98        a     1         /workspaces/mos-hardware/target/mos-mega65-none/release/examples/11_parse-8b8391441b13c341.11_parse.88b1eaf7-cgu.8.rcgu.o:(.text._ZN4core3ops8function6FnOnce9call_once17ha3bdcf93b5effc2fE)
    ef98     ef98        a     1                 core::ops::function::FnOnce::call_once::ha3bdcf93b5effc2f
    efa2     efa2      797     1         /workspaces/mos-hardware/target/mos-mega65-none/release/examples/11_parse-8b8391441b13c341.11_parse.88b1eaf7-cgu.8.rcgu.o:(.text._ZN4core3fmt5write17h1b4ff916f5a59300E)
    efa2     efa2      797     1                 core::fmt::write::h1b4ff916f5a59300
    f739     f739       9a     1         /workspaces/mos-hardware/target/mos-mega65-none/release/examples/11_parse-8b8391441b13c341.11_parse.88b1eaf7-cgu.8.rcgu.o:(.text._ZN4core3fmt8getcount17hc8b79eaea6ca6e5dE)
    f739     f739       9a     1                 core::fmt::getcount::hc8b79eaea6ca6e5d
    f7d3     f7d3      743     1         /workspaces/mos-hardware/target/mos-mega65-none/release/examples/11_parse-8b8391441b13c341.11_parse.88b1eaf7-cgu.8.rcgu.o:(.text._ZN4core3fmt9Formatter12pad_integral17ha130f862db6b0fe0E)
    f7d3     f7d3      743     1                 core::fmt::Formatter::pad_integral::ha130f862db6b0fe0
    ff16     ff16      135     1         /workspaces/mos-hardware/target/mos-mega65-none/release/examples/11_parse-8b8391441b13c341.11_parse.88b1eaf7-cgu.8.rcgu.o:(.text._ZN4core3fmt9Formatter12pad_integral12write_prefix17hf32e82b5b86f231eE)
    ff16     ff16      135     1                 core::fmt::Formatter::pad_integral::write_prefix::hf32e82b5b86f231e
   1004b    1004b      1cc     1         /workspaces/mos-hardware/target/mos-mega65-none/release/examples/11_parse-8b8391441b13c341.11_parse.88b1eaf7-cgu.8.rcgu.o:(.text._ZN4core3fmt9Formatter7padding17hd38027c5967b6009E)
   1004b    1004b      1cc     1                 core::fmt::Formatter::padding::hd38027c5967b6009
   10217    10217      7e6     1         /workspaces/mos-hardware/target/mos-mega65-none/release/examples/11_parse-8b8391441b13c341.11_parse.88b1eaf7-cgu.8.rcgu.o:(.text._ZN4core3fmt9Formatter3pad17ha12cb73dea5382f2E)
   10217    10217      7e6     1                 core::fmt::Formatter::pad::ha12cb73dea5382f2
   109fd    109fd       56     1         /workspaces/mos-hardware/target/mos-mega65-none/release/examples/11_parse-8b8391441b13c341.11_parse.88b1eaf7-cgu.8.rcgu.o:(.text._ZN53_$LT$core..fmt..Error$u20$as$u20$core..fmt..Debug$GT$3fmt17h145b5a17c16e009dE)
   109fd    109fd       56     1                 _$LT$core..fmt..Error$u20$as$u20$core..fmt..Debug$GT$::fmt::h145b5a17c16e009d
   10a53    10a53      330     1         /workspaces/mos-hardware/target/mos-mega65-none/release/examples/11_parse-8b8391441b13c341.11_parse.88b1eaf7-cgu.8.rcgu.o:(.text._ZN4core5slice6memchr14memchr_aligned17h1e2e6bc082c8c417E)
   10a53    10a53      330     1                 core::slice::memchr::memchr_aligned::h1e2e6bc082c8c417
   10d83    10d83        3     1         /workspaces/mos-hardware/target/mos-mega65-none/release/examples/11_parse-8b8391441b13c341.11_parse.88b1eaf7-cgu.8.rcgu.o:(.text.unlikely._ZN4core5slice5index22slice_index_order_fail17h38a4ae8cb9fd2cb0E)
   10d83    10d83        3     1                 core::slice::index::slice_index_order_fail::h38a4ae8cb9fd2cb0
   10d86    10d86        3     1         /workspaces/mos-hardware/target/mos-mega65-none/release/examples/11_parse-8b8391441b13c341.11_parse.88b1eaf7-cgu.8.rcgu.o:(.text._ZN4core5slice5index25slice_index_order_fail_rt17h527a20f81e58c473E)
   10d86    10d86        3     1                 core::slice::index::slice_index_order_fail_rt::h527a20f81e58c473
   10d89    10d89        3     1         /workspaces/mos-hardware/target/mos-mega65-none/release/examples/11_parse-8b8391441b13c341.11_parse.88b1eaf7-cgu.8.rcgu.o:(.text.unlikely._ZN4core3str16slice_error_fail17h25d7652e6a78dd1cE)
   10d89    10d89        3     1                 core::str::slice_error_fail::h25d7652e6a78dd1c
   10d8c    10d8c      399     1         /workspaces/mos-hardware/target/mos-mega65-none/release/examples/11_parse-8b8391441b13c341.11_parse.88b1eaf7-cgu.8.rcgu.o:(.text._ZN4core3str19slice_error_fail_rt17h7ae3e0fd5839e402E)
   10d8c    10d8c      399     1                 core::str::slice_error_fail_rt::h7ae3e0fd5839e402
   11125    11125        1     1         /workspaces/mos-hardware/target/mos-mega65-none/release/examples/11_parse-8b8391441b13c341.11_parse.88b1eaf7-cgu.8.rcgu.o:(.text._ZN4core3ptr102drop_in_place$LT$$RF$core..iter..adapters..copied..Copied$LT$core..slice..iter..Iter$LT$u8$GT$$GT$$GT$17hd6870c2206ca9aa6E)
   11125    11125        1     1                 core::ptr::drop_in_place$LT$$RF$core..iter..adapters..copied..Copied$LT$core..slice..iter..Iter$LT$u8$GT$$GT$$GT$::hd6870c2206ca9aa6
   11126    11126      85a     1         /workspaces/mos-hardware/target/mos-mega65-none/release/examples/11_parse-8b8391441b13c341.11_parse.88b1eaf7-cgu.8.rcgu.o:(.text._ZN68_$LT$core..fmt..builders..PadAdapter$u20$as$u20$core..fmt..Write$GT$9write_str17h133d24f708027ec4E)
   11126    11126      85a     1                 _$LT$core..fmt..builders..PadAdapter$u20$as$u20$core..fmt..Write$GT$::write_str::h133d24f708027ec4
   11980    11980      1da     1         /workspaces/mos-hardware/target/mos-mega65-none/release/examples/11_parse-8b8391441b13c341.11_parse.88b1eaf7-cgu.8.rcgu.o:(.text._ZN4core3fmt5Write10write_char17he22621f4ec6ff9b0E)
   11980    11980      1da     1                 core::fmt::Write::write_char::he22621f4ec6ff9b0
   11b5a    11b5a       80     1         /workspaces/mos-hardware/target/mos-mega65-none/release/examples/11_parse-8b8391441b13c341.11_parse.88b1eaf7-cgu.8.rcgu.o:(.text._ZN4core3fmt5Write9write_fmt17hb64cdd777e9e614dE)
   11b5a    11b5a       80     1                 core::fmt::Write::write_fmt::hb64cdd777e9e614d
   11bda    11bda       18     1         /workspaces/mos-hardware/target/mos-mega65-none/release/examples/11_parse-8b8391441b13c341.11_parse.88b1eaf7-cgu.8.rcgu.o:(.text._ZN50_$LT$$RF$mut$u20$W$u20$as$u20$core..fmt..Write$GT$9write_str17h2d98acbd3a4e02cdE)
   11bda    11bda       18     1                 _$LT$$RF$mut$u20$W$u20$as$u20$core..fmt..Write$GT$::write_str::h2d98acbd3a4e02cd
   11bf2    11bf2       18     1         /workspaces/mos-hardware/target/mos-mega65-none/release/examples/11_parse-8b8391441b13c341.11_parse.88b1eaf7-cgu.8.rcgu.o:(.text._ZN50_$LT$$RF$mut$u20$W$u20$as$u20$core..fmt..Write$GT$10write_char17h40760c52606b2236E)
   11bf2    11bf2       18     1                 _$LT$$RF$mut$u20$W$u20$as$u20$core..fmt..Write$GT$::write_char::h40760c52606b2236
   11c0a    11c0a       80     1         /workspaces/mos-hardware/target/mos-mega65-none/release/examples/11_parse-8b8391441b13c341.11_parse.88b1eaf7-cgu.8.rcgu.o:(.text._ZN50_$LT$$RF$mut$u20$W$u20$as$u20$core..fmt..Write$GT$9write_fmt17h55788dd90fb7c66aE)
   11c0a    11c0a       80     1                 _$LT$$RF$mut$u20$W$u20$as$u20$core..fmt..Write$GT$::write_fmt::h55788dd90fb7c66a
   11c8a    11c8a      32b     1         /workspaces/mos-hardware/target/mos-mega65-none/release/examples/11_parse-8b8391441b13c341.11_parse.88b1eaf7-cgu.8.rcgu.o:(.text._ZN68_$LT$core..num..error..ParseIntError$u20$as$u20$core..fmt..Debug$GT$3fmt17hc713a5e23763add7E)
   11c8a    11c8a      32b     1                 _$LT$core..num..error..ParseIntError$u20$as$u20$core..fmt..Debug$GT$::fmt::hc713a5e23763add7
   11fb5    11fb5       ef     1         /workspaces/mos-hardware/target/mos-mega65-none/release/examples/11_parse-8b8391441b13c341.11_parse.88b1eaf7-cgu.8.rcgu.o:(.text._ZN42_$LT$$RF$T$u20$as$u20$core..fmt..Debug$GT$3fmt17h43f6d485ae346429E)
   11fb5    11fb5       ef     1                 _$LT$$RF$T$u20$as$u20$core..fmt..Debug$GT$::fmt::h43f6d485ae346429
   120a4    120a4        3     1         /workspaces/mos-hardware/target/mos-mega65-none/release/examples/11_parse-8b8391441b13c341.11_parse.88b1eaf7-cgu.8.rcgu.o:(.text.__rg_alloc)
   120a4    120a4        3     1                 __rg_alloc
   120a7    120a7        3     1         /workspaces/mos-hardware/target/mos-mega65-none/release/examples/11_parse-8b8391441b13c341.11_parse.88b1eaf7-cgu.8.rcgu.o:(.text.__rg_dealloc)
   120a7    120a7        3     1                 __rg_dealloc
   120aa    120aa        3     1         /workspaces/mos-hardware/target/mos-mega65-none/release/examples/11_parse-8b8391441b13c341.11_parse.88b1eaf7-cgu.8.rcgu.o:(.text.__rg_realloc)
   120aa    120aa        3     1                 __rg_realloc
   120ad    120ad       45     1         /workspaces/mos-hardware/target/mos-mega65-none/release/examples/11_parse-8b8391441b13c341.11_parse.88b1eaf7-cgu.8.rcgu.o:(.text._ZN12mos_hardware6mega655lpeek17h7758a9bd7e69cc89E)
   120ad    120ad       45     1                 mos_hardware::mega65::lpeek::h7758a9bd7e69cc89
   120f2    120f2       45     1         /workspaces/mos-hardware/target/mos-mega65-none/release/examples/11_parse-8b8391441b13c341.11_parse.88b1eaf7-cgu.8.rcgu.o:(.text._ZN12mos_hardware6mega655lpoke17h58dd6dbc441fefb6E)
   120f2    120f2       45     1                 mos_hardware::mega65::lpoke::h58dd6dbc441fefb6
   12137    12137        a     1         /usr/local/bin/../mos-platform/commodore/lib/libcrt0.a(exit-return.c.obj):(.text)
   12137    12137        a     1                 __exit_return
   12141    12141        3     1         /usr/local/bin/../mos-platform/common/lib/libcrt.a(call-indir.S.obj):(.text)
   12141    12141        0     1                 __call_indir
   12144    12144     112d     1         /usr/local/bin/../mos-platform/common/lib/libcrt.a(divmod-large.cc.obj):(.text)
   12144    12144      1ce     1                 __udivmodsi4
   12312    12312      472     1                 __udivmoddi4
   12784    12784      316     1                 __divmodsi4
   12a9a    12a9a      7d7     1                 __divmoddi4
   13271    13271       13     1         /usr/local/bin/../mos-platform/commodore/lib/libcrt0.a(zero-bss.c.obj):(.text)
   13271    13271       13     1                 __zero_bss
   13284    13284        e     1         lto.tmp:(.text.setlowercase)
   13284    13284        e     1                 setlowercase
   13292    13292       95     1         lto.tmp:(.text.lpeek)
   13292    13292       95     1                 lpeek
   13327    13327       9b     1         lto.tmp:(.text.lpoke)
   13327    13327       9b     1                 lpoke
   133c2    133c2        5     1         lto.tmp:(.text.mega65_fast)
   133c2    133c2        5     1                 mega65_fast
   133c7    133c7       ba     1         lto.tmp:(.text.__udivhi3)
   133c7    133c7       ba     1                 __udivhi3
   13481    13481       a0     1         lto.tmp:(.text.__umodhi3)
   13481    13481       a0     1                 __umodhi3
   13521    13521       da     1         lto.tmp:(.text.__udivmodhi4)
   13521    13521       da     1                 __udivmodhi4
   135fb    135fb       32     1         lto.tmp:(.text.__mulhi3)
   135fb    135fb       32     1                 __mulhi3
   1362d    1362d       70     1         lto.tmp:(.text.__mulsi3)
   1362d    1362d       70     1                 __mulsi3
   1369d    1369d       13     1         lto.tmp:(.text.__ashlhi3)
   1369d    1369d       13     1                 __ashlhi3
   136b0    136b0       1f     1         lto.tmp:(.text.__ashldi3)
   136b0    136b0       1f     1                 __ashldi3
   136cf    136cf        e     1         lto.tmp:(.text.putchar)
   136cf    136cf        e     1                 putchar
   136dd    136dd       76     1         lto.tmp:(.text.malloc)
   136dd    136dd       76     1                 malloc
   13753    13753       65     1         lto.tmp:(.text._ZN12_GLOBAL__N_113get_free_listEv)
   13753    13753       65     1                 (anonymous namespace)::get_free_list()
   137b8    137b8      222     1         lto.tmp:(.text.realloc)
   137b8    137b8      222     1                 realloc
   139da    139da      2bf     1         lto.tmp:(.text.free)
   139da    139da      2bf     1                 free
   13c99    13c99       46     1         lto.tmp:(.text.memcmp)
   13c99    13c99       46     1                 memcmp
   13cdf    13cdf       34     1         lto.tmp:(.text.memcpy)
   13cdf    13cdf       34     1                 memcpy
   13d13    13d13       23     1         lto.tmp:(.text.__memset)
   13d13    13d13       23     1                 __memset
   13d36    13d36       98     1         lto.tmp:(.text.memmove)
   13d36    13d36       98     1                 memmove
   13dce    13dce        0     1         __init_array_start = .
   13dce    13dce        0     1         __init_array_end = .
   13dce    13dce        0     1         __fini_array_start = .
   13dce    13dce        0     1         __fini_array_end = .
   13dce    13dce      411     1 .rodata
   13dce    13dce        8     1         /workspaces/mos-hardware/target/mos-mega65-none/release/examples/11_parse-8b8391441b13c341.11_parse.88b1eaf7-cgu.8.rcgu.o:(.rodata._ZN4core3fmt9Formatter7padding17hd38027c5967b6009E)
   13dd6    13dd6        a     1         /workspaces/mos-hardware/target/mos-mega65-none/release/examples/11_parse-8b8391441b13c341.11_parse.88b1eaf7-cgu.8.rcgu.o:(.rodata._ZN42_$LT$$RF$T$u20$as$u20$core..fmt..Debug$GT$3fmt17h43f6d485ae346429E)
   13de0    13de0       37     1         /workspaces/mos-hardware/target/mos-mega65-none/release/examples/11_parse-8b8391441b13c341.11_parse.88b1eaf7-cgu.8.rcgu.o:(.rodata..Lanon.3c3e003eece1c20446309970d2c0b5dd.1)
   13e17    13e17       2b     1         /workspaces/mos-hardware/target/mos-mega65-none/release/examples/11_parse-8b8391441b13c341.11_parse.88b1eaf7-cgu.8.rcgu.o:(.rodata..Lanon.3c3e003eece1c20446309970d2c0b5dd.11)
   13e42    13e42       2b     1         /workspaces/mos-hardware/target/mos-mega65-none/release/examples/11_parse-8b8391441b13c341.11_parse.88b1eaf7-cgu.8.rcgu.o:(.rodata..Lanon.3c3e003eece1c20446309970d2c0b5dd.13)
   13e6d    13e6d        1     1         /workspaces/mos-hardware/target/mos-mega65-none/release/examples/11_parse-8b8391441b13c341.11_parse.88b1eaf7-cgu.8.rcgu.o:(.rodata..Lanon.3c3e003eece1c20446309970d2c0b5dd.17)
   13e6e    13e6e        2     1         /workspaces/mos-hardware/target/mos-mega65-none/release/examples/11_parse-8b8391441b13c341.11_parse.88b1eaf7-cgu.8.rcgu.o:(.rodata..Lanon.3c3e003eece1c20446309970d2c0b5dd.19)
   13e70    13e70       14     1         /workspaces/mos-hardware/target/mos-mega65-none/release/examples/11_parse-8b8391441b13c341.11_parse.88b1eaf7-cgu.8.rcgu.o:(.rodata..Lanon.3c3e003eece1c20446309970d2c0b5dd.21)
   13e84    13e84       1c     1         <internal>:(.rodata)
   13ea0    13ea0        1     1         /workspaces/mos-hardware/target/mos-mega65-none/release/examples/11_parse-8b8391441b13c341.11_parse.88b1eaf7-cgu.8.rcgu.o:(.rodata..Lanon.3c3e003eece1c20446309970d2c0b5dd.24)
   13ea1    13ea1        1     1         /workspaces/mos-hardware/target/mos-mega65-none/release/examples/11_parse-8b8391441b13c341.11_parse.88b1eaf7-cgu.8.rcgu.o:(.rodata..Lanon.3c3e003eece1c20446309970d2c0b5dd.26)
   13ea2    13ea2        5     1         /workspaces/mos-hardware/target/mos-mega65-none/release/examples/11_parse-8b8391441b13c341.11_parse.88b1eaf7-cgu.8.rcgu.o:(.rodata..Lanon.3c3e003eece1c20446309970d2c0b5dd.27)
   13ea7    13ea7        5     1         /workspaces/mos-hardware/target/mos-mega65-none/release/examples/11_parse-8b8391441b13c341.11_parse.88b1eaf7-cgu.8.rcgu.o:(.rodata..Lanon.3c3e003eece1c20446309970d2c0b5dd.28)
   13eac    13eac        6     1         /workspaces/mos-hardware/target/mos-mega65-none/release/examples/11_parse-8b8391441b13c341.11_parse.88b1eaf7-cgu.8.rcgu.o:(.rodata..Lanon.3c3e003eece1c20446309970d2c0b5dd.29)
   13eb2    13eb2        7     1         /workspaces/mos-hardware/target/mos-mega65-none/release/examples/11_parse-8b8391441b13c341.11_parse.88b1eaf7-cgu.8.rcgu.o:(.rodata..Lanon.3c3e003eece1c20446309970d2c0b5dd.30)
   13eb9    13eb9        2     1         /workspaces/mos-hardware/target/mos-mega65-none/release/examples/11_parse-8b8391441b13c341.11_parse.88b1eaf7-cgu.8.rcgu.o:(.rodata..Lanon.3c3e003eece1c20446309970d2c0b5dd.34)
   13ebb    13ebb        1     1         /workspaces/mos-hardware/target/mos-mega65-none/release/examples/11_parse-8b8391441b13c341.11_parse.88b1eaf7-cgu.8.rcgu.o:(.rodata..Lanon.3c3e003eece1c20446309970d2c0b5dd.36)
   13ebc    13ebc        1     1         /workspaces/mos-hardware/target/mos-mega65-none/release/examples/11_parse-8b8391441b13c341.11_parse.88b1eaf7-cgu.8.rcgu.o:(.rodata..Lanon.3c3e003eece1c20446309970d2c0b5dd.38)
   13ebd    13ebd        3     1         /workspaces/mos-hardware/target/mos-mega65-none/release/examples/11_parse-8b8391441b13c341.11_parse.88b1eaf7-cgu.8.rcgu.o:(.rodata..Lanon.3c3e003eece1c20446309970d2c0b5dd.42)
   13ec0    13ec0        1     1         /workspaces/mos-hardware/target/mos-mega65-none/release/examples/11_parse-8b8391441b13c341.11_parse.88b1eaf7-cgu.8.rcgu.o:(.rodata..Lanon.3c3e003eece1c20446309970d2c0b5dd.43)
   13ec1    13ec1        1     1         /workspaces/mos-hardware/target/mos-mega65-none/release/examples/11_parse-8b8391441b13c341.11_parse.88b1eaf7-cgu.8.rcgu.o:(.rodata..Lanon.3c3e003eece1c20446309970d2c0b5dd.46)
   13ec2    13ec2        2     1         /workspaces/mos-hardware/target/mos-mega65-none/release/examples/11_parse-8b8391441b13c341.11_parse.88b1eaf7-cgu.8.rcgu.o:(.rodata..Lanon.3c3e003eece1c20446309970d2c0b5dd.47)
   13ec4    13ec4        1     1         /workspaces/mos-hardware/target/mos-mega65-none/release/examples/11_parse-8b8391441b13c341.11_parse.88b1eaf7-cgu.8.rcgu.o:(.rodata..Lanon.3c3e003eece1c20446309970d2c0b5dd.49)
   13ec5    13ec5        1     1         /workspaces/mos-hardware/target/mos-mega65-none/release/examples/11_parse-8b8391441b13c341.11_parse.88b1eaf7-cgu.8.rcgu.o:(.rodata..Lanon.3c3e003eece1c20446309970d2c0b5dd.50)
   13ec6    13ec6        2     1         /workspaces/mos-hardware/target/mos-mega65-none/release/examples/11_parse-8b8391441b13c341.11_parse.88b1eaf7-cgu.8.rcgu.o:(.rodata..Lanon.3c3e003eece1c20446309970d2c0b5dd.53)
   13ec8    13ec8        1     1         /workspaces/mos-hardware/target/mos-mega65-none/release/examples/11_parse-8b8391441b13c341.11_parse.88b1eaf7-cgu.8.rcgu.o:(.rodata..Lanon.3c3e003eece1c20446309970d2c0b5dd.56)
   13ec9    13ec9        1     1         /workspaces/mos-hardware/target/mos-mega65-none/release/examples/11_parse-8b8391441b13c341.11_parse.88b1eaf7-cgu.8.rcgu.o:(.rodata..Lanon.3c3e003eece1c20446309970d2c0b5dd.57)
   13eca    13eca       20     1         <internal>:(.rodata)
   13eea    13eea        1     1         /workspaces/mos-hardware/target/mos-mega65-none/release/examples/11_parse-8b8391441b13c341.11_parse.88b1eaf7-cgu.8.rcgu.o:(.rodata..Lanon.3c3e003eece1c20446309970d2c0b5dd.62)
   13eeb    13eeb        f     1         /workspaces/mos-hardware/target/mos-mega65-none/release/examples/11_parse-8b8391441b13c341.11_parse.88b1eaf7-cgu.8.rcgu.o:(.rodata..Lanon.3c3e003eece1c20446309970d2c0b5dd.76)
   13efa    13efa        a     1         /workspaces/mos-hardware/target/mos-mega65-none/release/examples/11_parse-8b8391441b13c341.11_parse.88b1eaf7-cgu.8.rcgu.o:(.rodata..Lanon.3c3e003eece1c20446309970d2c0b5dd.77)
   13f04    13f04        b     1         /workspaces/mos-hardware/target/mos-mega65-none/release/examples/11_parse-8b8391441b13c341.11_parse.88b1eaf7-cgu.8.rcgu.o:(.rodata..Lanon.3c3e003eece1c20446309970d2c0b5dd.78)
   13f0f    13f0f       30     1         <internal>:(.rodata)
   13f3f    13f3f        9     1         /workspaces/mos-hardware/target/mos-mega65-none/release/examples/11_parse-8b8391441b13c341.11_parse.88b1eaf7-cgu.8.rcgu.o:(.rodata..Lanon.3c3e003eece1c20446309970d2c0b5dd.80)
   13f48    13f48        6     1         /workspaces/mos-hardware/target/mos-mega65-none/release/examples/11_parse-8b8391441b13c341.11_parse.88b1eaf7-cgu.8.rcgu.o:(.rodata..Lanon.3c3e003eece1c20446309970d2c0b5dd.81)
   13f4e    13f4e       1a     1         /workspaces/mos-hardware/target/mos-mega65-none/release/examples/11_parse-8b8391441b13c341.11_parse.88b1eaf7-cgu.8.rcgu.o:(.rodata..Lanon.7b14e242d40951c6e7bfb03e637f2c8a.0)
   13f68    13f68        1     1         /workspaces/mos-hardware/target/mos-mega65-none/release/examples/11_parse-8b8391441b13c341.11_parse.88b1eaf7-cgu.8.rcgu.o:(.rodata..Lanon.7b14e242d40951c6e7bfb03e637f2c8a.1)
   13f69    13f69        1     1         /workspaces/mos-hardware/target/mos-mega65-none/release/examples/11_parse-8b8391441b13c341.11_parse.88b1eaf7-cgu.8.rcgu.o:(.rodata..Lanon.7b14e242d40951c6e7bfb03e637f2c8a.3)
   13f6a    13f6a        3     1         /workspaces/mos-hardware/target/mos-mega65-none/release/examples/11_parse-8b8391441b13c341.11_parse.88b1eaf7-cgu.8.rcgu.o:(.rodata..Lanon.7b14e242d40951c6e7bfb03e637f2c8a.5)
   13f6d    13f6d        1     1         /workspaces/mos-hardware/target/mos-mega65-none/release/examples/11_parse-8b8391441b13c341.11_parse.88b1eaf7-cgu.8.rcgu.o:(.rodata..Lanon.7b14e242d40951c6e7bfb03e637f2c8a.6)
   13f6e    13f6e        5     1         /workspaces/mos-hardware/target/mos-mega65-none/release/examples/11_parse-8b8391441b13c341.11_parse.88b1eaf7-cgu.8.rcgu.o:(.rodata..Lanon.7b14e242d40951c6e7bfb03e637f2c8a.7)
   13f73    13f73        b     1         /workspaces/mos-hardware/target/mos-mega65-none/release/examples/11_parse-8b8391441b13c341.11_parse.88b1eaf7-cgu.8.rcgu.o:(.rodata..Lanon.7b14e242d40951c6e7bfb03e637f2c8a.8)
   13f7e    13f7e        c     1         /workspaces/mos-hardware/target/mos-mega65-none/release/examples/11_parse-8b8391441b13c341.11_parse.88b1eaf7-cgu.8.rcgu.o:(.rodata..Lanon.7b14e242d40951c6e7bfb03e637f2c8a.9)
   13f8a    13f8a        9     1         /workspaces/mos-hardware/target/mos-mega65-none/release/examples/11_parse-8b8391441b13c341.11_parse.88b1eaf7-cgu.8.rcgu.o:(.rodata..Lanon.7b14e242d40951c6e7bfb03e637f2c8a.10)
   13f93    13f93       27     1         /workspaces/mos-hardware/target/mos-mega65-none/release/examples/11_parse-8b8391441b13c341.11_parse.88b1eaf7-cgu.8.rcgu.o:(.rodata..Lanon.7b14e242d40951c6e7bfb03e637f2c8a.11)
   13fba    13fba        d     1         /workspaces/mos-hardware/target/mos-mega65-none/release/examples/11_parse-8b8391441b13c341.11_parse.88b1eaf7-cgu.8.rcgu.o:(.rodata..Lanon.7b14e242d40951c6e7bfb03e637f2c8a.12)
   13fc7    13fc7        9     1         /workspaces/mos-hardware/target/mos-mega65-none/release/examples/11_parse-8b8391441b13c341.11_parse.88b1eaf7-cgu.8.rcgu.o:(.rodata..Lanon.7b14e242d40951c6e7bfb03e637f2c8a.16)
   13fd0    13fd0        6     1         /workspaces/mos-hardware/target/mos-mega65-none/release/examples/11_parse-8b8391441b13c341.11_parse.88b1eaf7-cgu.8.rcgu.o:(.rodata..Lanon.7b14e242d40951c6e7bfb03e637f2c8a.19)
   13fd6    13fd6        c     1         /workspaces/mos-hardware/target/mos-mega65-none/release/examples/11_parse-8b8391441b13c341.11_parse.88b1eaf7-cgu.8.rcgu.o:(.rodata..Lanon.7b14e242d40951c6e7bfb03e637f2c8a.20)
   13fe2    13fe2        d     1         /workspaces/mos-hardware/target/mos-mega65-none/release/examples/11_parse-8b8391441b13c341.11_parse.88b1eaf7-cgu.8.rcgu.o:(.rodata..Lanon.7b14e242d40951c6e7bfb03e637f2c8a.21)
   13fef    13fef        a     1         /workspaces/mos-hardware/target/mos-mega65-none/release/examples/11_parse-8b8391441b13c341.11_parse.88b1eaf7-cgu.8.rcgu.o:(.rodata..Lanon.7b14e242d40951c6e7bfb03e637f2c8a.23)
   13ff9    13ff9        1     1         /workspaces/mos-hardware/target/mos-mega65-none/release/examples/11_parse-8b8391441b13c341.11_parse.88b1eaf7-cgu.8.rcgu.o:(.rodata..Lanon.7b14e242d40951c6e7bfb03e637f2c8a.24)
   13ffa    13ffa       33     1         /workspaces/mos-hardware/target/mos-mega65-none/release/examples/11_parse-8b8391441b13c341.11_parse.88b1eaf7-cgu.8.rcgu.o:(.rodata..Lanon.23f48b2d5d19a61d305fd7ee716c2263.6)
   1402d    1402d        1     1         /workspaces/mos-hardware/target/mos-mega65-none/release/examples/11_parse-8b8391441b13c341.11_parse.88b1eaf7-cgu.8.rcgu.o:(.rodata..Lanon.1d395f379192b576e5f644f198e3da1b.2)
   1402e    1402e       c8     1         /workspaces/mos-hardware/target/mos-mega65-none/release/examples/11_parse-8b8391441b13c341.11_parse.88b1eaf7-cgu.8.rcgu.o:(.rodata..Lanon.65d028b71c0c6f9a7745bdc8a1d76039.5)
   140f6    140f6        5     1         /workspaces/mos-hardware/target/mos-mega65-none/release/examples/11_parse-8b8391441b13c341.11_parse.88b1eaf7-cgu.8.rcgu.o:(.rodata..Lanon.389ed7e1861201b9fc97a84fad1a2017.20)
   140fb    140fb       2b     1         /workspaces/mos-hardware/target/mos-mega65-none/release/examples/11_parse-8b8391441b13c341.11_parse.88b1eaf7-cgu.8.rcgu.o:(.rodata..Lanon.625bb8912fdbcc8b07745d027f569c2a.5)
   14126    14126        0     1         /workspaces/mos-hardware/target/mos-mega65-none/release/examples/11_parse-8b8391441b13c341.11_parse.88b1eaf7-cgu.8.rcgu.o:(.rodata..Lanon.625bb8912fdbcc8b07745d027f569c2a.6)
   14126    14126        3     1         /workspaces/mos-hardware/target/mos-mega65-none/release/examples/11_parse-8b8391441b13c341.11_parse.88b1eaf7-cgu.8.rcgu.o:(.rodata..Lanon.d001fe569a8e5506cd9fc091c655c3e5.16)
   14129    14129        2     1         /workspaces/mos-hardware/target/mos-mega65-none/release/examples/11_parse-8b8391441b13c341.11_parse.88b1eaf7-cgu.8.rcgu.o:(.rodata..Lanon.d001fe569a8e5506cd9fc091c655c3e5.17)
   1412b    1412b        2     1         /workspaces/mos-hardware/target/mos-mega65-none/release/examples/11_parse-8b8391441b13c341.11_parse.88b1eaf7-cgu.8.rcgu.o:(.rodata..Lanon.d001fe569a8e5506cd9fc091c655c3e5.18)
   1412d    1412d        3     1         /workspaces/mos-hardware/target/mos-mega65-none/release/examples/11_parse-8b8391441b13c341.11_parse.88b1eaf7-cgu.8.rcgu.o:(.rodata..Lanon.d001fe569a8e5506cd9fc091c655c3e5.20)
   14130    14130        1     1         /workspaces/mos-hardware/target/mos-mega65-none/release/examples/11_parse-8b8391441b13c341.11_parse.88b1eaf7-cgu.8.rcgu.o:(.rodata..Lanon.d001fe569a8e5506cd9fc091c655c3e5.22)
   14131    14131        2     1         /workspaces/mos-hardware/target/mos-mega65-none/release/examples/11_parse-8b8391441b13c341.11_parse.88b1eaf7-cgu.8.rcgu.o:(.rodata..Lanon.d001fe569a8e5506cd9fc091c655c3e5.25)
   14133    14133       48     1         /workspaces/mos-hardware/target/mos-mega65-none/release/examples/11_parse-8b8391441b13c341.11_parse.88b1eaf7-cgu.8.rcgu.o:(.rodata..Lanon.d001fe569a8e5506cd9fc091c655c3e5.62)
   1417b    1417b        d     1         /workspaces/mos-hardware/target/mos-mega65-none/release/examples/11_parse-8b8391441b13c341.11_parse.88b1eaf7-cgu.8.rcgu.o:(.rodata..Lanon.d001fe569a8e5506cd9fc091c655c3e5.101)
   14188    14188        b     1         /workspaces/mos-hardware/target/mos-mega65-none/release/examples/11_parse-8b8391441b13c341.11_parse.88b1eaf7-cgu.8.rcgu.o:(.rodata..Lanon.d001fe569a8e5506cd9fc091c655c3e5.105)
   14193    14193        b     1         /workspaces/mos-hardware/target/mos-mega65-none/release/examples/11_parse-8b8391441b13c341.11_parse.88b1eaf7-cgu.8.rcgu.o:(.rodata..Lanon.d001fe569a8e5506cd9fc091c655c3e5.106)
   1419e    1419e        c     1         /workspaces/mos-hardware/target/mos-mega65-none/release/examples/11_parse-8b8391441b13c341.11_parse.88b1eaf7-cgu.8.rcgu.o:(.rodata..Lanon.d001fe569a8e5506cd9fc091c655c3e5.107)
   141aa    141aa        5     1         /workspaces/mos-hardware/target/mos-mega65-none/release/examples/11_parse-8b8391441b13c341.11_parse.88b1eaf7-cgu.8.rcgu.o:(.rodata..Lanon.d001fe569a8e5506cd9fc091c655c3e5.108)
   141af    141af       2f     1         /workspaces/mos-hardware/target/mos-mega65-none/release/examples/11_parse-8b8391441b13c341.11_parse.88b1eaf7-cgu.8.rcgu.o:(.rodata..Lanon.2fcf1f348dbe8e8ada421fb0b2b16e0c.1)
   141de    141de        1     1         /usr/local/bin/../mos-platform/common/lib/libcrt.a(const.S.obj):(.rodata)
   141de    141de        0     1                 __set_v
   141e0    141e0      166     2 .data
   141e0    141e0        0     1         __data_start = .
   141e0    141e0        2     2         lto.tmp:(.data._ZN12_GLOBAL__N_19blocklist12m_heap_limitE)
   141e0    141e0        2     1                 (anonymous namespace)::blocklist::m_heap_limit
   141e2    141e2        c     1         /workspaces/mos-hardware/target/mos-mega65-none/release/examples/11_parse-8b8391441b13c341.11_parse.88b1eaf7-cgu.8.rcgu.o:(.data.rel.ro..Lanon.3c3e003eece1c20446309970d2c0b5dd.0)
   141ee    141ee        8     1         /workspaces/mos-hardware/target/mos-mega65-none/release/examples/11_parse-8b8391441b13c341.11_parse.88b1eaf7-cgu.8.rcgu.o:(.data.rel.ro..Lanon.3c3e003eece1c20446309970d2c0b5dd.10)
   141f6    141f6        8     1         /workspaces/mos-hardware/target/mos-mega65-none/release/examples/11_parse-8b8391441b13c341.11_parse.88b1eaf7-cgu.8.rcgu.o:(.data.rel.ro..Lanon.3c3e003eece1c20446309970d2c0b5dd.12)
   141fe    141fe        c     1         /workspaces/mos-hardware/target/mos-mega65-none/release/examples/11_parse-8b8391441b13c341.11_parse.88b1eaf7-cgu.8.rcgu.o:(.data.rel.ro..Lanon.3c3e003eece1c20446309970d2c0b5dd.15)
   1420a    1420a        c     1         /workspaces/mos-hardware/target/mos-mega65-none/release/examples/11_parse-8b8391441b13c341.11_parse.88b1eaf7-cgu.8.rcgu.o:(.data.rel.ro..Lanon.3c3e003eece1c20446309970d2c0b5dd.23)
   14216    14216        c     1         /workspaces/mos-hardware/target/mos-mega65-none/release/examples/11_parse-8b8391441b13c341.11_parse.88b1eaf7-cgu.8.rcgu.o:(.data.rel.ro..Lanon.3c3e003eece1c20446309970d2c0b5dd.25)
   14222    14222        c     1         /workspaces/mos-hardware/target/mos-mega65-none/release/examples/11_parse-8b8391441b13c341.11_parse.88b1eaf7-cgu.8.rcgu.o:(.data.rel.ro..Lanon.3c3e003eece1c20446309970d2c0b5dd.31)
   1422e    1422e        c     1         /workspaces/mos-hardware/target/mos-mega65-none/release/examples/11_parse-8b8391441b13c341.11_parse.88b1eaf7-cgu.8.rcgu.o:(.data.rel.ro..Lanon.3c3e003eece1c20446309970d2c0b5dd.32)
   1423a    1423a        c     1         /workspaces/mos-hardware/target/mos-mega65-none/release/examples/11_parse-8b8391441b13c341.11_parse.88b1eaf7-cgu.8.rcgu.o:(.data.rel.ro..Lanon.3c3e003eece1c20446309970d2c0b5dd.33)
   14246    14246        c     1         /workspaces/mos-hardware/target/mos-mega65-none/release/examples/11_parse-8b8391441b13c341.11_parse.88b1eaf7-cgu.8.rcgu.o:(.data.rel.ro..Lanon.3c3e003eece1c20446309970d2c0b5dd.35)
   14252    14252        c     1         /workspaces/mos-hardware/target/mos-mega65-none/release/examples/11_parse-8b8391441b13c341.11_parse.88b1eaf7-cgu.8.rcgu.o:(.data.rel.ro..Lanon.3c3e003eece1c20446309970d2c0b5dd.37)
   1425e    1425e        c     1         /workspaces/mos-hardware/target/mos-mega65-none/release/examples/11_parse-8b8391441b13c341.11_parse.88b1eaf7-cgu.8.rcgu.o:(.data.rel.ro..Lanon.3c3e003eece1c20446309970d2c0b5dd.39)
   1426a    1426a        c     1         /workspaces/mos-hardware/target/mos-mega65-none/release/examples/11_parse-8b8391441b13c341.11_parse.88b1eaf7-cgu.8.rcgu.o:(.data.rel.ro..Lanon.3c3e003eece1c20446309970d2c0b5dd.40)
   14276    14276        c     1         /workspaces/mos-hardware/target/mos-mega65-none/release/examples/11_parse-8b8391441b13c341.11_parse.88b1eaf7-cgu.8.rcgu.o:(.data.rel.ro..Lanon.3c3e003eece1c20446309970d2c0b5dd.41)
   14282    14282       10     1         /workspaces/mos-hardware/target/mos-mega65-none/release/examples/11_parse-8b8391441b13c341.11_parse.88b1eaf7-cgu.8.rcgu.o:(.data.rel.ro..Lanon.3c3e003eece1c20446309970d2c0b5dd.48)
   14292    14292       10     1         /workspaces/mos-hardware/target/mos-mega65-none/release/examples/11_parse-8b8391441b13c341.11_parse.88b1eaf7-cgu.8.rcgu.o:(.data.rel.ro..Lanon.3c3e003eece1c20446309970d2c0b5dd.51)
   142a2    142a2        4     1         /workspaces/mos-hardware/target/mos-mega65-none/release/examples/11_parse-8b8391441b13c341.11_parse.88b1eaf7-cgu.8.rcgu.o:(.data.rel.ro..Lanon.3c3e003eece1c20446309970d2c0b5dd.54)
   142a6    142a6        8     1         /workspaces/mos-hardware/target/mos-mega65-none/release/examples/11_parse-8b8391441b13c341.11_parse.88b1eaf7-cgu.8.rcgu.o:(.data.rel.ro..Lanon.3c3e003eece1c20446309970d2c0b5dd.55)
   142ae    142ae        c     1         /workspaces/mos-hardware/target/mos-mega65-none/release/examples/11_parse-8b8391441b13c341.11_parse.88b1eaf7-cgu.8.rcgu.o:(.data.rel.ro..Lanon.3c3e003eece1c20446309970d2c0b5dd.58)
   142ba    142ba        c     1         /workspaces/mos-hardware/target/mos-mega65-none/release/examples/11_parse-8b8391441b13c341.11_parse.88b1eaf7-cgu.8.rcgu.o:(.data.rel.ro..Lanon.3c3e003eece1c20446309970d2c0b5dd.60)
   142c6    142c6        c     1         /workspaces/mos-hardware/target/mos-mega65-none/release/examples/11_parse-8b8391441b13c341.11_parse.88b1eaf7-cgu.8.rcgu.o:(.data.rel.ro..Lanon.3c3e003eece1c20446309970d2c0b5dd.71)
   142d2    142d2        c     1         /workspaces/mos-hardware/target/mos-mega65-none/release/examples/11_parse-8b8391441b13c341.11_parse.88b1eaf7-cgu.8.rcgu.o:(.data.rel.ro..Lanon.3c3e003eece1c20446309970d2c0b5dd.72)
   142de    142de        c     1         /workspaces/mos-hardware/target/mos-mega65-none/release/examples/11_parse-8b8391441b13c341.11_parse.88b1eaf7-cgu.8.rcgu.o:(.data.rel.ro..Lanon.3c3e003eece1c20446309970d2c0b5dd.73)
   142ea    142ea        c     1         /workspaces/mos-hardware/target/mos-mega65-none/release/examples/11_parse-8b8391441b13c341.11_parse.88b1eaf7-cgu.8.rcgu.o:(.data.rel.ro..Lanon.3c3e003eece1c20446309970d2c0b5dd.75)
   142f6    142f6       24     1         /workspaces/mos-hardware/target/mos-mega65-none/release/examples/11_parse-8b8391441b13c341.11_parse.88b1eaf7-cgu.8.rcgu.o:(.data.rel.ro..Lanon.3c3e003eece1c20446309970d2c0b5dd.83)
   1431a    1431a        c     1         /workspaces/mos-hardware/target/mos-mega65-none/release/examples/11_parse-8b8391441b13c341.11_parse.88b1eaf7-cgu.8.rcgu.o:(.data.rel.ro..Lanon.8775afbb23b23ef05f11638b114d5fda.0)
   14326    14326        8     1         /workspaces/mos-hardware/target/mos-mega65-none/release/examples/11_parse-8b8391441b13c341.11_parse.88b1eaf7-cgu.8.rcgu.o:(.data.rel.ro..Lanon.23f48b2d5d19a61d305fd7ee716c2263.1)
   1432e    1432e        c     1         /workspaces/mos-hardware/target/mos-mega65-none/release/examples/11_parse-8b8391441b13c341.11_parse.88b1eaf7-cgu.8.rcgu.o:(.data.rel.ro..Lanon.389ed7e1861201b9fc97a84fad1a2017.3)
   1433a    1433a        c     1         /workspaces/mos-hardware/target/mos-mega65-none/release/examples/11_parse-8b8391441b13c341.11_parse.88b1eaf7-cgu.8.rcgu.o:(.data.rel.ro..Lanon.d001fe569a8e5506cd9fc091c655c3e5.47)
   14346    14346        0     1         __data_end = .
   14346    14346        0     1 __data_load_start = LOADADDR ( .data )
   14346    14346        0     1 __data_size = SIZEOF ( .data )
   14346    14346       23     2 .bss
   14346    14346        0     1         __bss_start = .
   14346    14346        6     2         lto.tmp:(.bss._ZZN12_GLOBAL__N_113get_free_listEvE9free_list)
   14346    14346        6     1                 (anonymous namespace)::get_free_list()::free_list
   1434c    1434c       14     1         lto.tmp:(.bss.dmalist)
   1434c    1434c       14     1                 dmalist
   14360    14360        1     1         lto.tmp:(.bss.dma_byte)
   14360    14360        1     1                 dma_byte
   14361    14361        8     1         lto.tmp:(.bss._ZGVZN12_GLOBAL__N_113get_free_listEvE9free_list)
   14361    14361        8     1                 guard variable for (anonymous namespace)::get_free_list()::free_list
   14369    14369        0     1         __bss_end = .
   14369    14369        0     1 __bss_size = SIZEOF ( .bss )
   14369    14369        5     1 .noinit
   14369    14369        3     1         /workspaces/mos-hardware/target/mos-mega65-none/release/examples/11_parse-8b8391441b13c341.11_parse.88b1eaf7-cgu.8.rcgu.o:(.noinit..Lstatic_stack)
   1436c    1436c        1     1         /usr/local/bin/../mos-platform/commodore/lib/libcrt0.a(exit-return.c.obj):(.noinit)
   1436d    1436d        1     1         /usr/local/bin/../mos-platform/commodore/lib/libcrt0.a(_exit.S.obj):(.noinit)
   1436d    1436d        0     1                 __save_s
   1436e    1436e        0     1         __heap_start = .
   1436e    1436e        0     1 __stack = 0x9fff
       0        0       29     1 .comment
       0        0       29     1         <internal>:(.comment)
       0        0     10d0     4 .symtab
       0        0     10d0     4         <internal>:(.symtab)
       0        0       68     1 .shstrtab
       0        0       68     1         <internal>:(.shstrtab)
       0        0     1a5a     1 .strtab
       0        0     1a5a     1         <internal>:(.strtab)
