     VMA      LMA     Size Align Out     In      Symbol
       0        0        0     1 __basic_zp_start = 0x0002
       0        0        0     1 __basic_zp_end = 0x0090
       0        0        0     1 __rc0 = 0x0002
       0        0        0     1 __rc1 = __rc0 + 1
       0        0        0     1 PROVIDE ( __rc2 = __rc1 + 1 )
       0        0        0     1 __rc3 = __rc2 + 1
       0        0        0     1 PROVIDE ( __rc4 = __rc3 + 1 )
       0        0        0     1 __rc5 = __rc4 + 1
       0        0        0     1 PROVIDE ( __rc6 = __rc5 + 1 )
       0        0        0     1 __rc7 = __rc6 + 1
       0        0        0     1 PROVIDE ( __rc8 = __rc7 + 1 )
       0        0        0     1 __rc9 = __rc8 + 1
       0        0        0     1 PROVIDE ( __rc10 = __rc9 + 1 )
       0        0        0     1 __rc11 = __rc10 + 1
       0        0        0     1 PROVIDE ( __rc12 = __rc11 + 1 )
       0        0        0     1 __rc13 = __rc12 + 1
       0        0        0     1 PROVIDE ( __rc14 = __rc13 + 1 )
       0        0        0     1 __rc15 = __rc14 + 1
       0        0        0     1 PROVIDE ( __rc16 = __rc15 + 1 )
       0        0        0     1 __rc17 = __rc16 + 1
       0        0        0     1 PROVIDE ( __rc18 = __rc17 + 1 )
       0        0        0     1 __rc19 = __rc18 + 1
       0        0        0     1 PROVIDE ( __rc20 = __rc19 + 1 )
       0        0        0     1 __rc21 = __rc20 + 1
       0        0        0     1 PROVIDE ( __rc22 = __rc21 + 1 )
       0        0        0     1 __rc23 = __rc22 + 1
       0        0        0     1 PROVIDE ( __rc24 = __rc23 + 1 )
       0        0        0     1 __rc25 = __rc24 + 1
       0        0        0     1 PROVIDE ( __rc26 = __rc25 + 1 )
       0        0        0     1 __rc27 = __rc26 + 1
       0        0        0     1 PROVIDE ( __rc28 = __rc27 + 1 )
       0        0        0     1 __rc29 = __rc28 + 1
       0        0        0     1 PROVIDE ( __rc30 = __rc29 + 1 )
       0        0        0     1 __rc31 = __rc30 + 1
       0        0        0     1 
    2001     2001       16     1 .basic_header
    2001     2001       16     1         /usr/local/bin/../mos-platform/mega65/lib/basic-header.o:(.basic_header)
    2015     2015        0     1                 next_line
    2017     2017       22     1 .debug_gdb_scripts
    2017     2017       22     1         <internal>:(.debug_gdb_scripts)
      22       22        0     1 .zp.data
      22       22        0     1         __zp_data_start = .
      22       22        0     1 __zp_data_load_start = LOADADDR ( .zp.data )
      22       22        0     1 __zp_data_size = SIZEOF ( .zp.data )
      22       22        0     1 .zp.bss
      22       22        0     1         __zp_bss_start = .
      22       22        0     1 __zp_bss_size = SIZEOF ( .zp.bss )
      22       22       13     1 .zp
      22       22       13     1         lto.tmp:(.zp.noinit..Lzp_stack)
    203a     203a     e87f     2 .text
    203a     203a        0     1         _init = .
    203a     203a        0     1         _start = .
    203a     203a        e     1         unmap-basic.o:(.init.010)
    2048     2048        8     1         /usr/local/bin/../mos-platform/commodore/lib/libcrt0.a(init-stack.S.obj):(.init.100)
    2048     2048        0     1                 __do_init_stack
    2050     2050        4     1         /usr/local/bin/../mos-platform/commodore/lib/libcrt0.a(_exit.S.obj):(.init.100)
    2054     2054        3     1         /usr/local/bin/../mos-platform/commodore/lib/libcrt0.a(zero-bss.c.obj):(.init.200)
    2054     2054        0     1                 __do_zero_bss
    2057     2057        3     1         /usr/local/bin/../mos-platform/common/lib/crt0.o:(.call_main)
    205a     205a        3     1         /usr/local/bin/../mos-platform/commodore/lib/libcrt0.a(exit-return.c.obj):(.after_main)
    205a     205a        0     1                 __after_main
    205d     205d        0     1         _fini = .
    205d     205d        a     1         unmap-basic.o:(.fini.990)
    2067     2067        1     1         /usr/local/bin/../mos-platform/common/lib/crt0.o:(.fini_rts)
    2068     2068      2ab     2         lto.tmp:(.text._ZN12_GLOBAL__N_19blocklist11split_blockEPNS_5blockEt)
    2068     2068      2ab     1                 (anonymous namespace)::blocklist::split_block((anonymous namespace)::block*, unsigned short)
    2313     2313       2b     1         /workspaces/mos-hardware/target/mos-mega65-none/release/examples/11_parse-e96435eb6deadb59.11_parse.2b306d45-cgu.7.rcgu.o:(.text._ZN4core3ptr42drop_in_place$LT$alloc..string..String$GT$17h25293d71f8cef78cE)
    2313     2313       2b     1                 core::ptr::drop_in_place$LT$alloc..string..String$GT$::h25293d71f8cef78c
    233e     233e      200     1         /workspaces/mos-hardware/target/mos-mega65-none/release/examples/11_parse-e96435eb6deadb59.11_parse.2b306d45-cgu.7.rcgu.o:(.text._ZN4core3str21_$LT$impl$u20$str$GT$4find17h19f951ee77e0f9d3E)
    233e     233e      200     1                 core::str::_$LT$impl$u20$str$GT$::find::h19f951ee77e0f9d3
    253e     253e      39c     1         /workspaces/mos-hardware/target/mos-mega65-none/release/examples/11_parse-e96435eb6deadb59.11_parse.2b306d45-cgu.7.rcgu.o:(.text._ZN4core3str21_$LT$impl$u20$str$GT$8contains17h2afa56c74dc8e30cE)
    253e     253e      39c     1                 core::str::_$LT$impl$u20$str$GT$::contains::h2afa56c74dc8e30c
    28da     28da      2e2     1         /workspaces/mos-hardware/target/mos-mega65-none/release/examples/11_parse-e96435eb6deadb59.11_parse.2b306d45-cgu.7.rcgu.o:(.text._ZN58_$LT$alloc..string..String$u20$as$u20$core..fmt..Write$GT$10write_char17hd4b8473c80c3806fE)
    28da     28da      2e2     1                 _$LT$alloc..string..String$u20$as$u20$core..fmt..Write$GT$::write_char::hd4b8473c80c3806f
    2bbc     2bbc        6     1         /workspaces/mos-hardware/target/mos-mega65-none/release/examples/11_parse-e96435eb6deadb59.11_parse.2b306d45-cgu.7.rcgu.o:(.text._ZN58_$LT$alloc..string..String$u20$as$u20$core..fmt..Write$GT$9write_str17hd3e52092b7e146e6E)
    2bbc     2bbc        6     1                 _$LT$alloc..string..String$u20$as$u20$core..fmt..Write$GT$::write_str::hd3e52092b7e146e6
    2bc2     2bc2       45     1         /workspaces/mos-hardware/target/mos-mega65-none/release/examples/11_parse-e96435eb6deadb59.11_parse.2b306d45-cgu.7.rcgu.o:(.text._ZN60_$LT$alloc..string..String$u20$as$u20$core..fmt..Display$GT$3fmt17h4397d16e3c590e78E)
    2bc2     2bc2       45     1                 _$LT$alloc..string..String$u20$as$u20$core..fmt..Display$GT$::fmt::h4397d16e3c590e78
    2c07     2c07      f88     1         /workspaces/mos-hardware/target/mos-mega65-none/release/examples/11_parse-e96435eb6deadb59.11_parse.2b306d45-cgu.7.rcgu.o:(.text._ZN80_$LT$core..str..pattern..StrSearcher$u20$as$u20$core..str..pattern..Searcher$GT$10next_match17h8a11b4b1cc5826d8E)
    2c07     2c07      f88     1                 _$LT$core..str..pattern..StrSearcher$u20$as$u20$core..str..pattern..Searcher$GT$::next_match::h8a11b4b1cc5826d8
    3b8f     3b8f       c7     1         /workspaces/mos-hardware/target/mos-mega65-none/release/examples/11_parse-e96435eb6deadb59.11_parse.2b306d45-cgu.7.rcgu.o:(.text._ZN9_11_parse8index_of17h084697cb2c63a1d4E)
    3b8f     3b8f       c7     1                 _11_parse::index_of::h084697cb2c63a1d4
    3c56     3c56     5096     1         /workspaces/mos-hardware/target/mos-mega65-none/release/examples/11_parse-e96435eb6deadb59.11_parse.2b306d45-cgu.7.rcgu.o:(.text._ZN9_11_parse11declare_var17hc5fe3b0381b0faeeE)
    3c56     3c56     5096     1                 _11_parse::declare_var::hc5fe3b0381b0faee
    8cec     8cec      224     1         /workspaces/mos-hardware/target/mos-mega65-none/release/examples/11_parse-e96435eb6deadb59.11_parse.2b306d45-cgu.7.rcgu.o:(.text._ZN9_11_parse27generate_varname_from_index17h9dae049bbcdae097E)
    8cec     8cec      224     1                 _11_parse::generate_varname_from_index::h9dae049bbcdae097
    8f10     8f10      231     1         /workspaces/mos-hardware/target/mos-mega65-none/release/examples/11_parse-e96435eb6deadb59.11_parse.2b306d45-cgu.7.rcgu.o:(.text._ZN9_11_parse9trim_left17h38e69a37715950b2E)
    8f10     8f10      231     1                 _11_parse::trim_left::h38e69a37715950b2
    9141     9141      1f7     1         /workspaces/mos-hardware/target/mos-mega65-none/release/examples/11_parse-e96435eb6deadb59.11_parse.2b306d45-cgu.7.rcgu.o:(.text._ZN9_11_parse10trim_right17hc6bd9db9b85608bdE)
    9141     9141      1f7     1                 _11_parse::trim_right::hc6bd9db9b85608bd
    9338     9338      1f6     1         /workspaces/mos-hardware/target/mos-mega65-none/release/examples/11_parse-e96435eb6deadb59.11_parse.2b306d45-cgu.7.rcgu.o:(.text._ZN9_11_parse8trim_all17ha1ac2ee86c30f9c3E)
    9338     9338      1f6     1                 _11_parse::trim_all::ha1ac2ee86c30f9c3
    952e     952e     22ae     1         /workspaces/mos-hardware/target/mos-mega65-none/release/examples/11_parse-e96435eb6deadb59.11_parse.2b306d45-cgu.7.rcgu.o:(.text.main)
    952e     952e     22ae     1                 main
    b7dc     b7dc       78     1         /workspaces/mos-hardware/target/mos-mega65-none/release/examples/11_parse-e96435eb6deadb59.11_parse.2b306d45-cgu.7.rcgu.o:(.text._ZN5alloc7raw_vec19RawVec$LT$T$C$A$GT$11allocate_in17h7c56a15e6f17f016E)
    b7dc     b7dc       78     1                 alloc::raw_vec::RawVec$LT$T$C$A$GT$::allocate_in::h7c56a15e6f17f016
    b854     b854      231     1         /workspaces/mos-hardware/target/mos-mega65-none/release/examples/11_parse-e96435eb6deadb59.11_parse.2b306d45-cgu.7.rcgu.o:(.text._ZN5alloc7raw_vec19RawVec$LT$T$C$A$GT$16reserve_for_push17h182c8cae3d26c9f9E)
    b854     b854      231     1                 alloc::raw_vec::RawVec$LT$T$C$A$GT$::reserve_for_push::h182c8cae3d26c9f9
    ba85     ba85      25b     1         /workspaces/mos-hardware/target/mos-mega65-none/release/examples/11_parse-e96435eb6deadb59.11_parse.2b306d45-cgu.7.rcgu.o:(.text._ZN5alloc7raw_vec19RawVec$LT$T$C$A$GT$16reserve_for_push17hcc54304c1daa1176E)
    ba85     ba85      25b     1                 alloc::raw_vec::RawVec$LT$T$C$A$GT$::reserve_for_push::hcc54304c1daa1176
    bce0     bce0       50     1         /workspaces/mos-hardware/target/mos-mega65-none/release/examples/11_parse-e96435eb6deadb59.11_parse.2b306d45-cgu.7.rcgu.o:(.text._ZN52_$LT$$RF$mut$u20$T$u20$as$u20$core..fmt..Display$GT$3fmt17hb54edf08cc4b4df5E)
    bce0     bce0       50     1                 _$LT$$RF$mut$u20$T$u20$as$u20$core..fmt..Display$GT$::fmt::hb54edf08cc4b4df5
    bd30     bd30       1f     1         /workspaces/mos-hardware/target/mos-mega65-none/release/examples/11_parse-e96435eb6deadb59.11_parse.2b306d45-cgu.7.rcgu.o:(.text._ZN49_$LT$W$u20$as$u20$ufmt..UnstableDoAsFormatter$GT$15do_as_formatter17h27f4b092898a57daE)
    bd30     bd30       1f     1                 _$LT$W$u20$as$u20$ufmt..UnstableDoAsFormatter$GT$::do_as_formatter::h27f4b092898a57da
    bd4f     bd4f      165     1         /workspaces/mos-hardware/target/mos-mega65-none/release/examples/11_parse-e96435eb6deadb59.11_parse.2b306d45-cgu.7.rcgu.o:(.text._ZN4ufmt5impls3uxx46_$LT$impl$u20$ufmt..uDebug$u20$for$u20$u16$GT$3fmt17h500ec06016d1f769E)
    bd4f     bd4f      165     1                 ufmt::impls::uxx::_$LT$impl$u20$ufmt..uDebug$u20$for$u20$u16$GT$::fmt::h500ec06016d1f769
    beb4     beb4       4d     1         /workspaces/mos-hardware/target/mos-mega65-none/release/examples/11_parse-e96435eb6deadb59.11_parse.2b306d45-cgu.7.rcgu.o:(.text._ZN5alloc7raw_vec19RawVec$LT$T$C$A$GT$11allocate_in17hcfcb8ecb7f6ab9a3E)
    beb4     beb4       4d     1                 alloc::raw_vec::RawVec$LT$T$C$A$GT$::allocate_in::hcfcb8ecb7f6ab9a3
    bf01     bf01       19     1         /workspaces/mos-hardware/target/mos-mega65-none/release/examples/11_parse-e96435eb6deadb59.11_parse.2b306d45-cgu.7.rcgu.o:(.text.unlikely._ZN5alloc7raw_vec19RawVec$LT$T$C$A$GT$7reserve21do_reserve_and_handle17h055b179f90afd9ecE)
    bf01     bf01       19     1                 alloc::raw_vec::RawVec$LT$T$C$A$GT$::reserve::do_reserve_and_handle::h055b179f90afd9ec
    bf1a     bf1a      20f     1         /workspaces/mos-hardware/target/mos-mega65-none/release/examples/11_parse-e96435eb6deadb59.11_parse.2b306d45-cgu.7.rcgu.o:(.text._ZN5alloc7raw_vec19RawVec$LT$T$C$A$GT$14grow_amortized17h938cf4c67bfd8ee8E)
    bf1a     bf1a      20f     1                 alloc::raw_vec::RawVec$LT$T$C$A$GT$::grow_amortized::h938cf4c67bfd8ee8
    c129     c129      191     1         /workspaces/mos-hardware/target/mos-mega65-none/release/examples/11_parse-e96435eb6deadb59.11_parse.2b306d45-cgu.7.rcgu.o:(.text._ZN5alloc7raw_vec11finish_grow17h0c565c06a02e2a69E)
    c129     c129      191     1                 alloc::raw_vec::finish_grow::h0c565c06a02e2a69
    c2ba     c2ba       20     1         /workspaces/mos-hardware/target/mos-mega65-none/release/examples/11_parse-e96435eb6deadb59.11_parse.2b306d45-cgu.7.rcgu.o:(.text._ZN5alloc7raw_vec19RawVec$LT$T$C$A$GT$16reserve_for_push17h35a570163318e47eE)
    c2ba     c2ba       20     1                 alloc::raw_vec::RawVec$LT$T$C$A$GT$::reserve_for_push::h35a570163318e47e
    c2da     c2da       3c     1         /workspaces/mos-hardware/target/mos-mega65-none/release/examples/11_parse-e96435eb6deadb59.11_parse.2b306d45-cgu.7.rcgu.o:(.text._ZN4core3fmt5Write9write_fmt17hb1286774aa05af2bE)
    c2da     c2da       3c     1                 core::fmt::Write::write_fmt::hb1286774aa05af2b
    c316     c316        1     1         /workspaces/mos-hardware/target/mos-mega65-none/release/examples/11_parse-e96435eb6deadb59.11_parse.2b306d45-cgu.7.rcgu.o:(.text._ZN4core3ptr28drop_in_place$LT$$RF$str$GT$17h18f48700e1d909a9E)
    c316     c316        1     1                 core::ptr::drop_in_place$LT$$RF$str$GT$::h18f48700e1d909a9
    c317     c317       1b     1         /workspaces/mos-hardware/target/mos-mega65-none/release/examples/11_parse-e96435eb6deadb59.11_parse.2b306d45-cgu.7.rcgu.o:(.text._ZN50_$LT$$RF$mut$u20$W$u20$as$u20$core..fmt..Write$GT$9write_str17h3c139ea9e1a57aaeE)
    c317     c317       1b     1                 _$LT$$RF$mut$u20$W$u20$as$u20$core..fmt..Write$GT$::write_str::h3c139ea9e1a57aae
    c332     c332      31c     1         /workspaces/mos-hardware/target/mos-mega65-none/release/examples/11_parse-e96435eb6deadb59.11_parse.2b306d45-cgu.7.rcgu.o:(.text._ZN50_$LT$$RF$mut$u20$W$u20$as$u20$core..fmt..Write$GT$10write_char17h9b83cf244bb27922E)
    c332     c332      31c     1                 _$LT$$RF$mut$u20$W$u20$as$u20$core..fmt..Write$GT$::write_char::h9b83cf244bb27922
    c64e     c64e       3a     1         /workspaces/mos-hardware/target/mos-mega65-none/release/examples/11_parse-e96435eb6deadb59.11_parse.2b306d45-cgu.7.rcgu.o:(.text._ZN50_$LT$$RF$mut$u20$W$u20$as$u20$core..fmt..Write$GT$9write_fmt17h46daa9ebdf0bd6f2E)
    c64e     c64e       3a     1                 _$LT$$RF$mut$u20$W$u20$as$u20$core..fmt..Write$GT$::write_fmt::h46daa9ebdf0bd6f2
    c688     c688        3     1         /workspaces/mos-hardware/target/mos-mega65-none/release/examples/11_parse-e96435eb6deadb59.11_parse.2b306d45-cgu.7.rcgu.o:(.text.__rdl_oom)
    c688     c688        3     1                 __rdl_oom
    c68b     c68b        3     1         /workspaces/mos-hardware/target/mos-mega65-none/release/examples/11_parse-e96435eb6deadb59.11_parse.2b306d45-cgu.7.rcgu.o:(.text.unlikely._ZN5alloc5alloc18handle_alloc_error17hcc1ec268114791b8E)
    c68b     c68b        3     1                 alloc::alloc::handle_alloc_error::hcc1ec268114791b8
    c68e     c68e        3     1         /workspaces/mos-hardware/target/mos-mega65-none/release/examples/11_parse-e96435eb6deadb59.11_parse.2b306d45-cgu.7.rcgu.o:(.text._ZN5alloc5alloc18handle_alloc_error8rt_error17h71310fd7ca69aa39E)
    c68e     c68e        3     1                 alloc::alloc::handle_alloc_error::rt_error::h71310fd7ca69aa39
    c691     c691      1b1     1         /workspaces/mos-hardware/target/mos-mega65-none/release/examples/11_parse-e96435eb6deadb59.11_parse.2b306d45-cgu.7.rcgu.o:(.text._ZN5alloc3fmt6format12format_inner17h99eb80f9cdbeba97E)
    c691     c691      1b1     1                 alloc::fmt::format::format_inner::h99eb80f9cdbeba97
    c842     c842        3     1         /workspaces/mos-hardware/target/mos-mega65-none/release/examples/11_parse-e96435eb6deadb59.11_parse.2b306d45-cgu.7.rcgu.o:(.text.unlikely._ZN5alloc3vec16Vec$LT$T$C$A$GT$11swap_remove13assert_failed17h8a719598debcbb38E)
    c842     c842        3     1                 alloc::vec::Vec$LT$T$C$A$GT$::swap_remove::assert_failed::h8a719598debcbb38
    c845     c845      145     1         /workspaces/mos-hardware/target/mos-mega65-none/release/examples/11_parse-e96435eb6deadb59.11_parse.2b306d45-cgu.7.rcgu.o:(.text._ZN5alloc3vec16Vec$LT$T$C$A$GT$17extend_from_slice17hcee5e8364dcf086eE)
    c845     c845      145     1                 alloc::vec::Vec$LT$T$C$A$GT$::extend_from_slice::hcee5e8364dcf086e
    c98a     c98a      5e1     1         /workspaces/mos-hardware/target/mos-mega65-none/release/examples/11_parse-e96435eb6deadb59.11_parse.2b306d45-cgu.7.rcgu.o:(.text._ZN4core3num14from_str_radix17h273fd94ccdd1d4b9E)
    c98a     c98a      5e1     1                 core::num::from_str_radix::h273fd94ccdd1d4b9
    cf6b     cf6b      9a1     1         /workspaces/mos-hardware/target/mos-mega65-none/release/examples/11_parse-e96435eb6deadb59.11_parse.2b306d45-cgu.7.rcgu.o:(.text._ZN4core3str7pattern11StrSearcher3new17h410966b9e73598b6E)
    cf6b     cf6b      9a1     1                 core::str::pattern::StrSearcher::new::h410966b9e73598b6
    d90c     d90c      24c     1         /workspaces/mos-hardware/target/mos-mega65-none/release/examples/11_parse-e96435eb6deadb59.11_parse.2b306d45-cgu.7.rcgu.o:(.text._ZN4core3str7pattern14TwoWaySearcher22reverse_maximal_suffix17h1dbf0b0a1da60f54E)
    d90c     d90c      24c     1                 core::str::pattern::TwoWaySearcher::reverse_maximal_suffix::h1dbf0b0a1da60f54
    db58     db58      337     1         /workspaces/mos-hardware/target/mos-mega65-none/release/examples/11_parse-e96435eb6deadb59.11_parse.2b306d45-cgu.7.rcgu.o:(.text._ZN4core5slice6memchr14memchr_aligned17h07cb9c3f75948113E)
    db58     db58      337     1                 core::slice::memchr::memchr_aligned::h07cb9c3f75948113
    de8f     de8f        a     1         /workspaces/mos-hardware/target/mos-mega65-none/release/examples/11_parse-e96435eb6deadb59.11_parse.2b306d45-cgu.7.rcgu.o:(.text._ZN4core3ops8function6FnOnce9call_once17h609d4e5036b27caaE)
    de8f     de8f        a     1                 core::ops::function::FnOnce::call_once::h609d4e5036b27caa
    de99     de99      6fd     1         /workspaces/mos-hardware/target/mos-mega65-none/release/examples/11_parse-e96435eb6deadb59.11_parse.2b306d45-cgu.7.rcgu.o:(.text._ZN4core3fmt5write17h80ec6da883f04634E)
    de99     de99      6fd     1                 core::fmt::write::h80ec6da883f04634
    e596     e596       9a     1         /workspaces/mos-hardware/target/mos-mega65-none/release/examples/11_parse-e96435eb6deadb59.11_parse.2b306d45-cgu.7.rcgu.o:(.text._ZN4core3fmt8getcount17h7299db8e90756c97E)
    e596     e596       9a     1                 core::fmt::getcount::h7299db8e90756c97
    e630     e630      119     1         /workspaces/mos-hardware/target/mos-mega65-none/release/examples/11_parse-e96435eb6deadb59.11_parse.2b306d45-cgu.7.rcgu.o:(.text._ZN4core3fmt9Formatter12pad_integral12write_prefix17h14eaba43cfd3cadbE)
    e630     e630      119     1                 core::fmt::Formatter::pad_integral::write_prefix::h14eaba43cfd3cadb
    e749     e749      1d8     1         /workspaces/mos-hardware/target/mos-mega65-none/release/examples/11_parse-e96435eb6deadb59.11_parse.2b306d45-cgu.7.rcgu.o:(.text._ZN4core3fmt9Formatter7padding17h008aeb80c8a6afcbE)
    e749     e749      1d8     1                 core::fmt::Formatter::padding::h008aeb80c8a6afcb
    e921     e921      af8     1         /workspaces/mos-hardware/target/mos-mega65-none/release/examples/11_parse-e96435eb6deadb59.11_parse.2b306d45-cgu.7.rcgu.o:(.text._ZN4core3fmt9Formatter3pad17hdf8958685359e013E)
    e921     e921      af8     1                 core::fmt::Formatter::pad::hdf8958685359e013
    f419     f419      261     1         /workspaces/mos-hardware/target/mos-mega65-none/release/examples/11_parse-e96435eb6deadb59.11_parse.2b306d45-cgu.7.rcgu.o:(.text._ZN43_$LT$char$u20$as$u20$core..fmt..Display$GT$3fmt17hd8e65b661619ef20E)
    f419     f419      261     1                 _$LT$char$u20$as$u20$core..fmt..Display$GT$::fmt::hd8e65b661619ef20
    f67a     f67a        3     1         /workspaces/mos-hardware/target/mos-mega65-none/release/examples/11_parse-e96435eb6deadb59.11_parse.2b306d45-cgu.7.rcgu.o:(.text.unlikely._ZN4core3str16slice_error_fail17hc77e06ef86c03443E)
    f67a     f67a        3     1                 core::str::slice_error_fail::hc77e06ef86c03443
    f67d     f67d      37d     1         /workspaces/mos-hardware/target/mos-mega65-none/release/examples/11_parse-e96435eb6deadb59.11_parse.2b306d45-cgu.7.rcgu.o:(.text._ZN4core3str19slice_error_fail_rt17h3a9b19735e96a5e9E)
    f67d     f67d      37d     1                 core::str::slice_error_fail_rt::h3a9b19735e96a5e9
    f9fa     f9fa        3     1         /workspaces/mos-hardware/target/mos-mega65-none/release/examples/11_parse-e96435eb6deadb59.11_parse.2b306d45-cgu.7.rcgu.o:(.text.__rg_alloc)
    f9fa     f9fa        3     1                 __rg_alloc
    f9fd     f9fd        3     1         /workspaces/mos-hardware/target/mos-mega65-none/release/examples/11_parse-e96435eb6deadb59.11_parse.2b306d45-cgu.7.rcgu.o:(.text.__rg_dealloc)
    f9fd     f9fd        3     1                 __rg_dealloc
    fa00     fa00        3     1         /workspaces/mos-hardware/target/mos-mega65-none/release/examples/11_parse-e96435eb6deadb59.11_parse.2b306d45-cgu.7.rcgu.o:(.text.__rg_realloc)
    fa00     fa00        3     1                 __rg_realloc
    fa03     fa03       5b     1         /workspaces/mos-hardware/target/mos-mega65-none/release/examples/11_parse-e96435eb6deadb59.11_parse.2b306d45-cgu.7.rcgu.o:(.text.__rg_alloc_zeroed)
    fa03     fa03       5b     1                 __rg_alloc_zeroed
    fa5e     fa5e       e8     1         /workspaces/mos-hardware/target/mos-mega65-none/release/examples/11_parse-e96435eb6deadb59.11_parse.2b306d45-cgu.7.rcgu.o:(.text._ZN12mos_hardware6mega656memory114_$LT$impl$u20$core..convert..From$LT$mos_hardware..mega65..memory..Fat28$GT$$u20$for$u20$alloc..string..String$GT$4from17hf184de83a053d084E)
    fa5e     fa5e       e8     1                 mos_hardware::mega65::memory::_$LT$impl$u20$core..convert..From$LT$mos_hardware..mega65..memory..Fat28$GT$$u20$for$u20$alloc..string..String$GT$::from::hf184de83a053d084
    fb46     fb46        3     1         /workspaces/mos-hardware/target/mos-mega65-none/release/examples/11_parse-e96435eb6deadb59.11_parse.2b306d45-cgu.7.rcgu.o:(.text.__rust_alloc)
    fb46     fb46        3     1                 __rust_alloc
    fb49     fb49        3     1         /workspaces/mos-hardware/target/mos-mega65-none/release/examples/11_parse-e96435eb6deadb59.11_parse.2b306d45-cgu.7.rcgu.o:(.text.__rust_dealloc)
    fb49     fb49        3     1                 __rust_dealloc
    fb4c     fb4c        3     1         /workspaces/mos-hardware/target/mos-mega65-none/release/examples/11_parse-e96435eb6deadb59.11_parse.2b306d45-cgu.7.rcgu.o:(.text.__rust_realloc)
    fb4c     fb4c        3     1                 __rust_realloc
    fb4f     fb4f        3     1         /workspaces/mos-hardware/target/mos-mega65-none/release/examples/11_parse-e96435eb6deadb59.11_parse.2b306d45-cgu.7.rcgu.o:(.text.__rust_alloc_zeroed)
    fb4f     fb4f        3     1                 __rust_alloc_zeroed
    fb52     fb52        3     1         /workspaces/mos-hardware/target/mos-mega65-none/release/examples/11_parse-e96435eb6deadb59.11_parse.2b306d45-cgu.7.rcgu.o:(.text.__rust_alloc_error_handler)
    fb52     fb52        3     1                 __rust_alloc_error_handler
    fb55     fb55       51     1         /workspaces/mos-hardware/target/mos-mega65-none/release/examples/11_parse-e96435eb6deadb59.11_parse.2b306d45-cgu.7.rcgu.o:(.text._ZN67_$LT$ufmt_stdio..imp..mos..Stderr$u20$as$u20$ufmt_write..uWrite$GT$9write_str17h7da8f77de180cf1eE)
    fb55     fb55       51     1                 _$LT$ufmt_stdio..imp..mos..Stderr$u20$as$u20$ufmt_write..uWrite$GT$::write_str::h7da8f77de180cf1e
    fba6     fba6        a     1         /usr/local/bin/../mos-platform/commodore/lib/libcrt0.a(exit-return.c.obj):(.text)
    fba6     fba6        a     1                 __exit_return
    fbb0     fbb0        3     1         /usr/local/bin/../mos-platform/common/lib/libcrt.a(call-indir.S.obj):(.text)
    fbb0     fbb0        0     1                 __call_indir
    fbb3     fbb3       12     1         /usr/local/bin/../mos-platform/mega65/lib/libc.a(abort.c.obj):(.text)
    fbb3     fbb3       12     1                 abort
    fbc5     fbc5        9     1         /usr/local/bin/../mos-platform/commodore/lib/libcrt0.a(_exit.S.obj):(.text)
    fbc5     fbc5        0     1                 _exit
    fbc5     fbc5        0     1                 _Exit
    fbce     fbce       13     1         /usr/local/bin/../mos-platform/commodore/lib/libcrt0.a(zero-bss.c.obj):(.text)
    fbce     fbce       13     1                 __zero_bss
    fbe1     fbe1        e     1         lto.tmp:(.text.setlowercase)
    fbe1     fbe1        e     1                 setlowercase
    fbef     fbef       95     1         lto.tmp:(.text.lpeek)
    fbef     fbef       95     1                 lpeek
    fc84     fc84       9b     1         lto.tmp:(.text.lpoke)
    fc84     fc84       9b     1                 lpoke
    fd1f     fd1f       e5     1         lto.tmp:(.text.lcopy)
    fd1f     fd1f       e5     1                 lcopy
    fe04     fe04        5     1         lto.tmp:(.text.mega65_fast)
    fe04     fe04        5     1                 mega65_fast
    fe09     fe09       f7     1         lto.tmp:(.text.__udivhi3)
    fe09     fe09       f7     1                 __udivhi3
    ff00     ff00       a0     1         lto.tmp:(.text.__umodhi3)
    ff00     ff00       a0     1                 __umodhi3
    ffa0     ffa0      11e     1         lto.tmp:(.text.__udivmodhi4)
    ffa0     ffa0      11e     1                 __udivmodhi4
   100be    100be       32     1         lto.tmp:(.text.__mulhi3)
   100be    100be       32     1                 __mulhi3
   100f0    100f0       70     1         lto.tmp:(.text.__mulsi3)
   100f0    100f0       70     1                 __mulsi3
   10160    10160       13     1         lto.tmp:(.text.__ashlhi3)
   10160    10160       13     1                 __ashlhi3
   10173    10173       1f     1         lto.tmp:(.text.__ashldi3)
   10173    10173       1f     1                 __ashldi3
   10192    10192        e     1         lto.tmp:(.text.putchar)
   10192    10192        e     1                 putchar
   101a0    101a0       37     1         lto.tmp:(.text.puts)
   101a0    101a0       37     1                 puts
   101d7    101d7       75     1         lto.tmp:(.text.malloc)
   101d7    101d7       75     1                 malloc
   1024c    1024c       69     1         lto.tmp:(.text._ZN12_GLOBAL__N_113get_free_listEv)
   1024c    1024c       69     1                 (anonymous namespace)::get_free_list()
   102b5    102b5      20a     1         lto.tmp:(.text.realloc)
   102b5    102b5      20a     1                 realloc
   104bf    104bf      2c2     1         lto.tmp:(.text.free)
   104bf    104bf      2c2     1                 free
   10781    10781       46     1         lto.tmp:(.text.memcmp)
   10781    10781       46     1                 memcmp
   107c7    107c7       34     1         lto.tmp:(.text.memcpy)
   107c7    107c7       34     1                 memcpy
   107fb    107fb       23     1         lto.tmp:(.text.__memset)
   107fb    107fb       23     1                 __memset
   1081e    1081e       9b     1         lto.tmp:(.text.memmove)
   1081e    1081e       9b     1                 memmove
   108b9    108b9        0     1         __init_array_start = .
   108b9    108b9        0     1         __init_array_end = .
   108b9    108b9        0     1         __fini_array_start = .
   108b9    108b9        0     1         __fini_array_end = .
   108b9    108b9      23f     1 .rodata
   108b9    108b9        8     1         /workspaces/mos-hardware/target/mos-mega65-none/release/examples/11_parse-e96435eb6deadb59.11_parse.2b306d45-cgu.7.rcgu.o:(.rodata._ZN4core3fmt9Formatter7padding17h008aeb80c8a6afcbE)
   108c1    108c1        1     1         /workspaces/mos-hardware/target/mos-mega65-none/release/examples/11_parse-e96435eb6deadb59.11_parse.2b306d45-cgu.7.rcgu.o:(.rodata..Lanon.82585a2cba6af83290cfbb5e2bd36c75.4)
   108c2    108c2        2     1         /workspaces/mos-hardware/target/mos-mega65-none/release/examples/11_parse-e96435eb6deadb59.11_parse.2b306d45-cgu.7.rcgu.o:(.rodata..Lanon.82585a2cba6af83290cfbb5e2bd36c75.6)
   108c4    108c4       10     1         <internal>:(.rodata)
   108d4    108d4        5     1         /workspaces/mos-hardware/target/mos-mega65-none/release/examples/11_parse-e96435eb6deadb59.11_parse.2b306d45-cgu.7.rcgu.o:(.rodata..Lanon.82585a2cba6af83290cfbb5e2bd36c75.14)
   108d9    108d9        5     1         /workspaces/mos-hardware/target/mos-mega65-none/release/examples/11_parse-e96435eb6deadb59.11_parse.2b306d45-cgu.7.rcgu.o:(.rodata..Lanon.82585a2cba6af83290cfbb5e2bd36c75.15)
   108de    108de        6     1         /workspaces/mos-hardware/target/mos-mega65-none/release/examples/11_parse-e96435eb6deadb59.11_parse.2b306d45-cgu.7.rcgu.o:(.rodata..Lanon.82585a2cba6af83290cfbb5e2bd36c75.16)
   108e4    108e4        7     1         /workspaces/mos-hardware/target/mos-mega65-none/release/examples/11_parse-e96435eb6deadb59.11_parse.2b306d45-cgu.7.rcgu.o:(.rodata..Lanon.82585a2cba6af83290cfbb5e2bd36c75.17)
   108eb    108eb        2     1         /workspaces/mos-hardware/target/mos-mega65-none/release/examples/11_parse-e96435eb6deadb59.11_parse.2b306d45-cgu.7.rcgu.o:(.rodata..Lanon.82585a2cba6af83290cfbb5e2bd36c75.21)
   108ed    108ed        3     1         /workspaces/mos-hardware/target/mos-mega65-none/release/examples/11_parse-e96435eb6deadb59.11_parse.2b306d45-cgu.7.rcgu.o:(.rodata..Lanon.82585a2cba6af83290cfbb5e2bd36c75.27)
   108f0    108f0        1     1         /workspaces/mos-hardware/target/mos-mega65-none/release/examples/11_parse-e96435eb6deadb59.11_parse.2b306d45-cgu.7.rcgu.o:(.rodata..Lanon.82585a2cba6af83290cfbb5e2bd36c75.32)
   108f1    108f1        2     1         /workspaces/mos-hardware/target/mos-mega65-none/release/examples/11_parse-e96435eb6deadb59.11_parse.2b306d45-cgu.7.rcgu.o:(.rodata..Lanon.82585a2cba6af83290cfbb5e2bd36c75.33)
   108f3    108f3        1     1         /workspaces/mos-hardware/target/mos-mega65-none/release/examples/11_parse-e96435eb6deadb59.11_parse.2b306d45-cgu.7.rcgu.o:(.rodata..Lanon.82585a2cba6af83290cfbb5e2bd36c75.35)
   108f4    108f4        1     1         /workspaces/mos-hardware/target/mos-mega65-none/release/examples/11_parse-e96435eb6deadb59.11_parse.2b306d45-cgu.7.rcgu.o:(.rodata..Lanon.82585a2cba6af83290cfbb5e2bd36c75.36)
   108f5    108f5        2     1         /workspaces/mos-hardware/target/mos-mega65-none/release/examples/11_parse-e96435eb6deadb59.11_parse.2b306d45-cgu.7.rcgu.o:(.rodata..Lanon.82585a2cba6af83290cfbb5e2bd36c75.38)
   108f7    108f7       20     1         <internal>:(.rodata)
   10917    10917        f     1         /workspaces/mos-hardware/target/mos-mega65-none/release/examples/11_parse-e96435eb6deadb59.11_parse.2b306d45-cgu.7.rcgu.o:(.rodata..Lanon.82585a2cba6af83290cfbb5e2bd36c75.51)
   10926    10926        a     1         /workspaces/mos-hardware/target/mos-mega65-none/release/examples/11_parse-e96435eb6deadb59.11_parse.2b306d45-cgu.7.rcgu.o:(.rodata..Lanon.82585a2cba6af83290cfbb5e2bd36c75.52)
   10930    10930        b     1         /workspaces/mos-hardware/target/mos-mega65-none/release/examples/11_parse-e96435eb6deadb59.11_parse.2b306d45-cgu.7.rcgu.o:(.rodata..Lanon.82585a2cba6af83290cfbb5e2bd36c75.53)
   1093b    1093b       30     1         <internal>:(.rodata)
   1096b    1096b        9     1         /workspaces/mos-hardware/target/mos-mega65-none/release/examples/11_parse-e96435eb6deadb59.11_parse.2b306d45-cgu.7.rcgu.o:(.rodata..Lanon.82585a2cba6af83290cfbb5e2bd36c75.55)
   10974    10974        6     1         /workspaces/mos-hardware/target/mos-mega65-none/release/examples/11_parse-e96435eb6deadb59.11_parse.2b306d45-cgu.7.rcgu.o:(.rodata..Lanon.82585a2cba6af83290cfbb5e2bd36c75.56)
   1097a    1097a       1a     1         /workspaces/mos-hardware/target/mos-mega65-none/release/examples/11_parse-e96435eb6deadb59.11_parse.2b306d45-cgu.7.rcgu.o:(.rodata..Lanon.67876e81498d0dba34afe31b49719314.0)
   10994    10994        1     1         /workspaces/mos-hardware/target/mos-mega65-none/release/examples/11_parse-e96435eb6deadb59.11_parse.2b306d45-cgu.7.rcgu.o:(.rodata..Lanon.67876e81498d0dba34afe31b49719314.1)
   10995    10995        1     1         /workspaces/mos-hardware/target/mos-mega65-none/release/examples/11_parse-e96435eb6deadb59.11_parse.2b306d45-cgu.7.rcgu.o:(.rodata..Lanon.67876e81498d0dba34afe31b49719314.3)
   10996    10996        2     1         /workspaces/mos-hardware/target/mos-mega65-none/release/examples/11_parse-e96435eb6deadb59.11_parse.2b306d45-cgu.7.rcgu.o:(.rodata..Lanon.67876e81498d0dba34afe31b49719314.4)
   10998    10998        3     1         /workspaces/mos-hardware/target/mos-mega65-none/release/examples/11_parse-e96435eb6deadb59.11_parse.2b306d45-cgu.7.rcgu.o:(.rodata..Lanon.67876e81498d0dba34afe31b49719314.5)
   1099b    1099b        1     1         /workspaces/mos-hardware/target/mos-mega65-none/release/examples/11_parse-e96435eb6deadb59.11_parse.2b306d45-cgu.7.rcgu.o:(.rodata..Lanon.67876e81498d0dba34afe31b49719314.6)
   1099c    1099c        5     1         /workspaces/mos-hardware/target/mos-mega65-none/release/examples/11_parse-e96435eb6deadb59.11_parse.2b306d45-cgu.7.rcgu.o:(.rodata..Lanon.67876e81498d0dba34afe31b49719314.7)
   109a1    109a1        b     1         /workspaces/mos-hardware/target/mos-mega65-none/release/examples/11_parse-e96435eb6deadb59.11_parse.2b306d45-cgu.7.rcgu.o:(.rodata..Lanon.67876e81498d0dba34afe31b49719314.8)
   109ac    109ac        c     1         /workspaces/mos-hardware/target/mos-mega65-none/release/examples/11_parse-e96435eb6deadb59.11_parse.2b306d45-cgu.7.rcgu.o:(.rodata..Lanon.67876e81498d0dba34afe31b49719314.9)
   109b8    109b8        9     1         /workspaces/mos-hardware/target/mos-mega65-none/release/examples/11_parse-e96435eb6deadb59.11_parse.2b306d45-cgu.7.rcgu.o:(.rodata..Lanon.67876e81498d0dba34afe31b49719314.10)
   109c1    109c1       27     1         /workspaces/mos-hardware/target/mos-mega65-none/release/examples/11_parse-e96435eb6deadb59.11_parse.2b306d45-cgu.7.rcgu.o:(.rodata..Lanon.67876e81498d0dba34afe31b49719314.11)
   109e8    109e8        d     1         /workspaces/mos-hardware/target/mos-mega65-none/release/examples/11_parse-e96435eb6deadb59.11_parse.2b306d45-cgu.7.rcgu.o:(.rodata..Lanon.67876e81498d0dba34afe31b49719314.12)
   109f5    109f5        9     1         /workspaces/mos-hardware/target/mos-mega65-none/release/examples/11_parse-e96435eb6deadb59.11_parse.2b306d45-cgu.7.rcgu.o:(.rodata..Lanon.67876e81498d0dba34afe31b49719314.16)
   109fe    109fe        6     1         /workspaces/mos-hardware/target/mos-mega65-none/release/examples/11_parse-e96435eb6deadb59.11_parse.2b306d45-cgu.7.rcgu.o:(.rodata..Lanon.67876e81498d0dba34afe31b49719314.19)
   10a04    10a04        c     1         /workspaces/mos-hardware/target/mos-mega65-none/release/examples/11_parse-e96435eb6deadb59.11_parse.2b306d45-cgu.7.rcgu.o:(.rodata..Lanon.67876e81498d0dba34afe31b49719314.20)
   10a10    10a10        d     1         /workspaces/mos-hardware/target/mos-mega65-none/release/examples/11_parse-e96435eb6deadb59.11_parse.2b306d45-cgu.7.rcgu.o:(.rodata..Lanon.67876e81498d0dba34afe31b49719314.21)
   10a1d    10a1d        a     1         /workspaces/mos-hardware/target/mos-mega65-none/release/examples/11_parse-e96435eb6deadb59.11_parse.2b306d45-cgu.7.rcgu.o:(.rodata..Lanon.67876e81498d0dba34afe31b49719314.23)
   10a27    10a27       c8     1         /workspaces/mos-hardware/target/mos-mega65-none/release/examples/11_parse-e96435eb6deadb59.11_parse.2b306d45-cgu.7.rcgu.o:(.rodata..Lanon.a996522fa2bbce13bcb17bfc2af1e273.4)
   10aef    10aef        0     1         /workspaces/mos-hardware/target/mos-mega65-none/release/examples/11_parse-e96435eb6deadb59.11_parse.2b306d45-cgu.7.rcgu.o:(.rodata..Lanon.3bc079d15da5e4b1397e922fb7dd6016.0)
   10aef    10aef        1     1         /usr/local/bin/../mos-platform/common/lib/libcrt.a(const.S.obj):(.rodata)
   10aef    10aef        0     1                 __set_v
   10af0    10af0        8     1         <internal>:(.rodata)
   10af8    10af8       6a     2 .data
   10af8    10af8        0     1         __data_start = .
   10af8    10af8        2     2         lto.tmp:(.data._ZN12_GLOBAL__N_19blocklist12m_heap_limitE)
   10af8    10af8        2     1                 (anonymous namespace)::blocklist::m_heap_limit
   10afa    10afa        c     1         /workspaces/mos-hardware/target/mos-mega65-none/release/examples/11_parse-e96435eb6deadb59.11_parse.2b306d45-cgu.7.rcgu.o:(.data.rel.ro..Lanon.82585a2cba6af83290cfbb5e2bd36c75.0)
   10b06    10b06       10     1         /workspaces/mos-hardware/target/mos-mega65-none/release/examples/11_parse-e96435eb6deadb59.11_parse.2b306d45-cgu.7.rcgu.o:(.data.rel.ro..Lanon.82585a2cba6af83290cfbb5e2bd36c75.34)
   10b16    10b16       10     1         /workspaces/mos-hardware/target/mos-mega65-none/release/examples/11_parse-e96435eb6deadb59.11_parse.2b306d45-cgu.7.rcgu.o:(.data.rel.ro..Lanon.82585a2cba6af83290cfbb5e2bd36c75.37)
   10b26    10b26        4     1         /workspaces/mos-hardware/target/mos-mega65-none/release/examples/11_parse-e96435eb6deadb59.11_parse.2b306d45-cgu.7.rcgu.o:(.data.rel.ro..Lanon.82585a2cba6af83290cfbb5e2bd36c75.39)
   10b2a    10b2a        8     1         /workspaces/mos-hardware/target/mos-mega65-none/release/examples/11_parse-e96435eb6deadb59.11_parse.2b306d45-cgu.7.rcgu.o:(.data.rel.ro..Lanon.82585a2cba6af83290cfbb5e2bd36c75.40)
   10b32    10b32       24     1         /workspaces/mos-hardware/target/mos-mega65-none/release/examples/11_parse-e96435eb6deadb59.11_parse.2b306d45-cgu.7.rcgu.o:(.data.rel.ro..Lanon.82585a2cba6af83290cfbb5e2bd36c75.58)
   10b56    10b56        c     1         /workspaces/mos-hardware/target/mos-mega65-none/release/examples/11_parse-e96435eb6deadb59.11_parse.2b306d45-cgu.7.rcgu.o:(.data.rel.ro..Lanon.e4cee60d037d480d0a33f8e7a064c111.0)
   10b62    10b62        0     1         __data_end = .
   10b62    10b62        0     1 __data_load_start = LOADADDR ( .data )
   10b62    10b62        0     1 __data_size = SIZEOF ( .data )
   10b62    10b62       23     2 .bss
   10b62    10b62        0     1         __bss_start = .
   10b62    10b62        6     2         lto.tmp:(.bss._ZZN12_GLOBAL__N_113get_free_listEvE9free_list)
   10b62    10b62        6     1                 (anonymous namespace)::get_free_list()::free_list
   10b68    10b68       14     1         lto.tmp:(.bss.dmalist)
   10b68    10b68       14     1                 dmalist
   10b7c    10b7c        1     1         lto.tmp:(.bss.dma_byte)
   10b7c    10b7c        1     1                 dma_byte
   10b7d    10b7d        8     1         lto.tmp:(.bss._ZGVZN12_GLOBAL__N_113get_free_listEvE9free_list)
   10b7d    10b7d        8     1                 guard variable for (anonymous namespace)::get_free_list()::free_list
   10b85    10b85        0     1         __bss_end = .
   10b85    10b85        0     1 __bss_size = SIZEOF ( .bss )
   10b85    10b85       2b     1 .noinit
   10b85    10b85       29     1         /workspaces/mos-hardware/target/mos-mega65-none/release/examples/11_parse-e96435eb6deadb59.11_parse.2b306d45-cgu.7.rcgu.o:(.noinit..Lstatic_stack)
   10bae    10bae        1     1         /usr/local/bin/../mos-platform/commodore/lib/libcrt0.a(exit-return.c.obj):(.noinit)
   10baf    10baf        1     1         /usr/local/bin/../mos-platform/commodore/lib/libcrt0.a(_exit.S.obj):(.noinit)
   10baf    10baf        0     1                 __save_s
   10bb0    10bb0        0     1         __heap_start = .
   10bb0    10bb0        0     1 __stack = 0xcfff
       0        0       29     1 .comment
       0        0       29     1         <internal>:(.comment)
       0        0       6b     1 .shstrtab
       0        0       6b     1         <internal>:(.shstrtab)
